2026-09-02 22:18:59,639 INFO sqlalchemy.engine.Engine BEGIN (implicit)
2026-09-02 22:18:59,640 INFO sqlalchemy.engine.Engine PRAGMA main.table_info("users")
2026-09-02 22:18:59,642 INFO sqlalchemy.engine.Engine [raw sql] ()
2026-09-02 22:18:59,645 INFO sqlalchemy.engine.Engine PRAGMA main.table_info("farmer_profiles")
2026-09-02 22:18:59,646 INFO sqlalchemy.engine.Engine [raw sql] ()
2026-09-02 22:18:59,647 INFO sqlalchemy.engine.Engine PRAGMA main.table_info("user_addresses")
2026-09-02 22:18:59,648 INFO sqlalchemy.engine.Engine [raw sql] ()
2026-09-02 22:18:59,650 INFO sqlalchemy.engine.Engine PRAGMA main.table_info("otp_verifications")
2026-09-02 22:18:59,651 INFO sqlalchemy.engine.Engine [raw sql] ()
2026-09-02 22:18:59,652 INFO sqlalchemy.engine.Engine PRAGMA main.table_info("login_history")
2026-09-02 22:18:59,652 INFO sqlalchemy.engine.Engine [raw sql] ()
2026-09-02 22:18:59,653 INFO sqlalchemy.engine.Engine PRAGMA main.table_info("user_sessions")
2026-09-02 22:18:59,653 INFO sqlalchemy.engine.Engine [raw sql] ()
2026-09-02 22:18:59,654 INFO sqlalchemy.engine.Engine PRAGMA main.table_info("user_settings")
2026-09-02 22:18:59,655 INFO sqlalchemy.engine.Engine [raw sql] ()
2026-09-02 22:18:59,656 INFO sqlalchemy.engine.Engine PRAGMA main.table_info("farms")
2026-09-02 22:18:59,656 INFO sqlalchemy.engine.Engine [raw sql] ()
2026-09-02 22:18:59,657 INFO sqlalchemy.engine.Engine PRAGMA main.table_info("farm_plots")
2026-09-02 22:18:59,657 INFO sqlalchemy.engine.Engine [raw sql] ()
2026-09-02 22:18:59,658 INFO sqlalchemy.engine.Engine PRAGMA main.table_info("farm_documents")
2026-09-02 22:18:59,659 INFO sqlalchemy.engine.Engine [raw sql] ()
2026-09-02 22:18:59,659 INFO sqlalchemy.engine.Engine PRAGMA main.table_info("crops")
2026-09-02 22:18:59,660 INFO sqlalchemy.engine.Engine [raw sql] ()
2026-09-02 22:18:59,660 INFO sqlalchemy.engine.Engine PRAGMA main.table_info("crop_cycles")
2026-09-02 22:18:59,660 INFO sqlalchemy.engine.Engine [raw sql] ()
2026-09-02 22:18:59,661 INFO sqlalchemy.engine.Engine PRAGMA main.table_info("crop_tasks")
2026-09-02 22:18:59,661 INFO sqlalchemy.engine.Engine [raw sql] ()
2026-09-02 22:18:59,662 INFO sqlalchemy.engine.Engine PRAGMA main.table_info("farm_journal")
2026-09-02 22:18:59,662 INFO sqlalchemy.engine.Engine [raw sql] ()
2026-09-02 22:18:59,663 INFO sqlalchemy.engine.Engine PRAGMA main.table_info("soil_records")
2026-09-02 22:18:59,663 INFO sqlalchemy.engine.Engine [raw sql] ()
2026-09-02 22:18:59,663 INFO sqlalchemy.engine.Engine PRAGMA main.table_info("irrigation_records")
2026-09-02 22:18:59,664 INFO sqlalchemy.engine.Engine [raw sql] ()
2026-09-02 22:18:59,664 INFO sqlalchemy.engine.Engine PRAGMA main.table_info("transactions")
2026-09-02 22:18:59,664 INFO sqlalchemy.engine.Engine [raw sql] ()
2026-09-02 22:18:59,664 INFO sqlalchemy.engine.Engine PRAGMA main.table_info("expenses")
2026-09-02 22:18:59,665 INFO sqlalchemy.engine.Engine [raw sql] ()
2026-09-02 22:18:59,665 INFO sqlalchemy.engine.Engine PRAGMA main.table_info("income_records")
2026-09-02 22:18:59,665 INFO sqlalchemy.engine.Engine [raw sql] ()
2026-09-02 22:18:59,666 INFO sqlalchemy.engine.Engine PRAGMA main.table_info("budgets")
2026-09-02 22:18:59,666 INFO sqlalchemy.engine.Engine [raw sql] ()
2026-09-02 22:18:59,666 INFO sqlalchemy.engine.Engine PRAGMA main.table_info("loans")
2026-09-02 22:18:59,666 INFO sqlalchemy.engine.Engine [raw sql] ()
2026-09-02 22:18:59,667 INFO sqlalchemy.engine.Engine PRAGMA main.table_info("agricultural_services")
2026-09-02 22:18:59,667 INFO sqlalchemy.engine.Engine [raw sql] ()
2026-09-02 22:18:59,667 INFO sqlalchemy.engine.Engine PRAGMA main.table_info("service_requests")
2026-09-02 22:18:59,668 INFO sqlalchemy.engine.Engine [raw sql] ()
2026-09-02 22:18:59,668 INFO sqlalchemy.engine.Engine PRAGMA main.table_info("workers")
2026-09-02 22:18:59,668 INFO sqlalchemy.engine.Engine [raw sql] ()
2026-09-02 22:18:59,669 INFO sqlalchemy.engine.Engine PRAGMA main.table_info("worker_availability")
2026-09-02 22:18:59,669 INFO sqlalchemy.engine.Engine [raw sql] ()
2026-09-02 22:18:59,669 INFO sqlalchemy.engine.Engine PRAGMA main.table_info("worker_bookings")
2026-09-02 22:18:59,670 INFO sqlalchemy.engine.Engine [raw sql] ()
2026-09-02 22:18:59,670 INFO sqlalchemy.engine.Engine PRAGMA main.table_info("worker_payments")
2026-09-02 22:18:59,671 INFO sqlalchemy.engine.Engine [raw sql] ()
2026-09-02 22:18:59,671 INFO sqlalchemy.engine.Engine PRAGMA main.table_info("worker_reviews")
2026-09-02 22:18:59,672 INFO sqlalchemy.engine.Engine [raw sql] ()
2026-09-02 22:18:59,673 INFO sqlalchemy.engine.Engine PRAGMA main.table_info("equipment")
2026-09-02 22:18:59,673 INFO sqlalchemy.engine.Engine [raw sql] ()
2026-09-02 22:18:59,673 INFO sqlalchemy.engine.Engine PRAGMA main.table_info("equipment_bookings")
2026-09-02 22:18:59,674 INFO sqlalchemy.engine.Engine [raw sql] ()
2026-09-02 22:18:59,674 INFO sqlalchemy.engine.Engine PRAGMA main.table_info("product_categories")
2026-09-02 22:18:59,674 INFO sqlalchemy.engine.Engine [raw sql] ()
2026-09-02 22:18:59,675 INFO sqlalchemy.engine.Engine PRAGMA main.table_info("sellers")
2026-09-02 22:18:59,675 INFO sqlalchemy.engine.Engine [raw sql] ()
2026-09-02 22:18:59,675 INFO sqlalchemy.engine.Engine PRAGMA main.table_info("products")
2026-09-02 22:18:59,675 INFO sqlalchemy.engine.Engine [raw sql] ()
2026-09-02 22:18:59,676 INFO sqlalchemy.engine.Engine PRAGMA main.table_info("marketplace_orders")
2026-09-02 22:18:59,676 INFO sqlalchemy.engine.Engine [raw sql] ()
2026-09-02 22:18:59,676 INFO sqlalchemy.engine.Engine PRAGMA main.table_info("order_items")
2026-09-02 22:18:59,677 INFO sqlalchemy.engine.Engine [raw sql] ()
2026-09-02 22:18:59,677 INFO sqlalchemy.engine.Engine PRAGMA main.table_info("payments")
2026-09-02 22:18:59,678 INFO sqlalchemy.engine.Engine [raw sql] ()
2026-09-02 22:18:59,678 INFO sqlalchemy.engine.Engine PRAGMA main.table_info("delivery_tracking")
2026-09-02 22:18:59,679 INFO sqlalchemy.engine.Engine [raw sql] ()
2026-09-02 22:18:59,679 INFO sqlalchemy.engine.Engine PRAGMA main.table_info("government_schemes")
2026-09-02 22:18:59,680 INFO sqlalchemy.engine.Engine [raw sql] ()
2026-09-02 22:18:59,680 INFO sqlalchemy.engine.Engine PRAGMA main.table_info("scheme_applications")
2026-09-02 22:18:59,680 INFO sqlalchemy.engine.Engine [raw sql] ()
2026-09-02 22:18:59,681 INFO sqlalchemy.engine.Engine PRAGMA main.table_info("scheme_documents")
2026-09-02 22:18:59,681 INFO sqlalchemy.engine.Engine [raw sql] ()
2026-09-02 22:18:59,682 INFO sqlalchemy.engine.Engine PRAGMA main.table_info("insurance_policies")
2026-09-02 22:18:59,682 INFO sqlalchemy.engine.Engine [raw sql] ()
2026-09-02 22:18:59,682 INFO sqlalchemy.engine.Engine PRAGMA main.table_info("insurance_claims")
2026-09-02 22:18:59,682 INFO sqlalchemy.engine.Engine [raw sql] ()
2026-09-02 22:18:59,683 INFO sqlalchemy.engine.Engine PRAGMA main.table_info("community_posts")
2026-09-02 22:18:59,683 INFO sqlalchemy.engine.Engine [raw sql] ()
2026-09-02 22:18:59,683 INFO sqlalchemy.engine.Engine PRAGMA main.table_info("community_comments")
2026-09-02 22:18:59,684 INFO sqlalchemy.engine.Engine [raw sql] ()
2026-09-02 22:18:59,684 INFO sqlalchemy.engine.Engine PRAGMA main.table_info("community_likes")
2026-09-02 22:18:59,684 INFO sqlalchemy.engine.Engine [raw sql] ()
2026-09-02 22:18:59,684 INFO sqlalchemy.engine.Engine PRAGMA main.table_info("experts")
2026-09-02 22:18:59,685 INFO sqlalchemy.engine.Engine [raw sql] ()
2026-09-02 22:18:59,685 INFO sqlalchemy.engine.Engine PRAGMA main.table_info("consultations")
2026-09-02 22:18:59,685 INFO sqlalchemy.engine.Engine [raw sql] ()
2026-09-02 22:18:59,686 INFO sqlalchemy.engine.Engine PRAGMA main.table_info("farmbuzz_posts")
2026-09-02 22:18:59,686 INFO sqlalchemy.engine.Engine [raw sql] ()
2026-09-02 22:18:59,686 INFO sqlalchemy.engine.Engine PRAGMA main.table_info("farmbuzz_comments")
2026-09-02 22:18:59,687 INFO sqlalchemy.engine.Engine [raw sql] ()
2026-09-02 22:18:59,687 INFO sqlalchemy.engine.Engine PRAGMA main.table_info("farmbuzz_likes")
2026-09-02 22:18:59,688 INFO sqlalchemy.engine.Engine [raw sql] ()
2026-09-02 22:18:59,689 INFO sqlalchemy.engine.Engine PRAGMA main.table_info("farmbuzz_saves")
2026-09-02 22:18:59,689 INFO sqlalchemy.engine.Engine [raw sql] ()
2026-09-02 22:18:59,690 INFO sqlalchemy.engine.Engine PRAGMA main.table_info("farmbuzz_shares")
2026-09-02 22:18:59,690 INFO sqlalchemy.engine.Engine [raw sql] ()
2026-09-02 22:18:59,690 INFO sqlalchemy.engine.Engine PRAGMA main.table_info("farmbuzz_follows")
2026-09-02 22:18:59,691 INFO sqlalchemy.engine.Engine [raw sql] ()
2026-09-02 22:18:59,691 INFO sqlalchemy.engine.Engine PRAGMA main.table_info("farmbuzz_hashtags")
2026-09-02 22:18:59,691 INFO sqlalchemy.engine.Engine [raw sql] ()
2026-09-02 22:18:59,692 INFO sqlalchemy.engine.Engine PRAGMA main.table_info("farmbuzz_trends")
2026-09-02 22:18:59,692 INFO sqlalchemy.engine.Engine [raw sql] ()
2026-09-02 22:18:59,692 INFO sqlalchemy.engine.Engine PRAGMA main.table_info("notifications")
2026-09-02 22:18:59,692 INFO sqlalchemy.engine.Engine [raw sql] ()
2026-09-02 22:18:59,693 INFO sqlalchemy.engine.Engine PRAGMA main.table_info("ai_conversation_records")
2026-09-02 22:18:59,693 INFO sqlalchemy.engine.Engine [raw sql] ()
2026-09-02 22:18:59,694 INFO sqlalchemy.engine.Engine PRAGMA main.table_info("ai_settings_records")
2026-09-02 22:18:59,694 INFO sqlalchemy.engine.Engine [raw sql] ()
2026-09-02 22:18:59,694 INFO sqlalchemy.engine.Engine PRAGMA main.table_info("weather_cache")
2026-09-02 22:18:59,694 INFO sqlalchemy.engine.Engine [raw sql] ()
2026-09-02 22:18:59,695 INFO sqlalchemy.engine.Engine PRAGMA main.table_info("legacy_ai_conversations")
2026-09-02 22:18:59,695 INFO sqlalchemy.engine.Engine [raw sql] ()
2026-09-02 22:18:59,695 INFO sqlalchemy.engine.Engine PRAGMA main.table_info("ai_recommendations")
2026-09-02 22:18:59,695 INFO sqlalchemy.engine.Engine [raw sql] ()
2026-09-02 22:18:59,696 INFO sqlalchemy.engine.Engine PRAGMA main.table_info("ai_conversations")
2026-09-02 22:18:59,696 INFO sqlalchemy.engine.Engine [raw sql] ()
2026-09-02 22:18:59,697 INFO sqlalchemy.engine.Engine PRAGMA main.table_info("ai_messages")
2026-09-02 22:18:59,697 INFO sqlalchemy.engine.Engine [raw sql] ()
2026-09-02 22:18:59,697 INFO sqlalchemy.engine.Engine PRAGMA main.table_info("ai_attachments")
2026-09-02 22:18:59,697 INFO sqlalchemy.engine.Engine [raw sql] ()
2026-09-02 22:18:59,698 INFO sqlalchemy.engine.Engine PRAGMA main.table_info("ai_memory")
2026-09-02 22:18:59,698 INFO sqlalchemy.engine.Engine [raw sql] ()
2026-09-02 22:18:59,698 INFO sqlalchemy.engine.Engine PRAGMA main.table_info("ai_settings")
2026-09-02 22:18:59,698 INFO sqlalchemy.engine.Engine [raw sql] ()
2026-09-02 22:18:59,699 INFO sqlalchemy.engine.Engine PRAGMA main.table_info("conversations")
2026-09-02 22:18:59,699 INFO sqlalchemy.engine.Engine [raw sql] ()
2026-09-02 22:18:59,699 INFO sqlalchemy.engine.Engine PRAGMA main.table_info("conversation_participants")
2026-09-02 22:18:59,700 INFO sqlalchemy.engine.Engine [raw sql] ()
2026-09-02 22:18:59,700 INFO sqlalchemy.engine.Engine PRAGMA main.table_info("messages")
2026-09-02 22:18:59,700 INFO sqlalchemy.engine.Engine [raw sql] ()
2026-09-02 22:18:59,700 INFO sqlalchemy.engine.Engine PRAGMA main.table_info("message_reactions")
2026-09-02 22:18:59,701 INFO sqlalchemy.engine.Engine [raw sql] ()
2026-09-02 22:18:59,701 INFO sqlalchemy.engine.Engine PRAGMA main.table_info("contacts")
2026-09-02 22:18:59,701 INFO sqlalchemy.engine.Engine [raw sql] ()
2026-09-02 22:18:59,702 INFO sqlalchemy.engine.Engine PRAGMA main.table_info("message_attachments")
2026-09-02 22:18:59,702 INFO sqlalchemy.engine.Engine [raw sql] ()
2026-09-02 22:18:59,702 INFO sqlalchemy.engine.Engine PRAGMA main.table_info("support_tickets")
2026-09-02 22:18:59,702 INFO sqlalchemy.engine.Engine [raw sql] ()
2026-09-02 22:18:59,703 INFO sqlalchemy.engine.Engine PRAGMA main.table_info("farm_emergency_reports")
2026-09-02 22:18:59,703 INFO sqlalchemy.engine.Engine [raw sql] ()
2026-09-02 22:18:59,704 INFO sqlalchemy.engine.Engine PRAGMA main.table_info("feedback")
2026-09-02 22:18:59,704 INFO sqlalchemy.engine.Engine [raw sql] ()
2026-09-02 22:18:59,705 INFO sqlalchemy.engine.Engine PRAGMA main.table_info("wallets")
2026-09-02 22:18:59,706 INFO sqlalchemy.engine.Engine [raw sql] ()
2026-09-02 22:18:59,706 INFO sqlalchemy.engine.Engine PRAGMA main.table_info("wallet_transactions")
2026-09-02 22:18:59,707 INFO sqlalchemy.engine.Engine [raw sql] ()
2026-09-02 22:18:59,707 INFO sqlalchemy.engine.Engine PRAGMA main.table_info("wallet_beneficiaries")
2026-09-02 22:18:59,707 INFO sqlalchemy.engine.Engine [raw sql] ()
2026-09-02 22:18:59,708 INFO sqlalchemy.engine.Engine PRAGMA main.table_info("money_requests")
2026-09-02 22:18:59,708 INFO sqlalchemy.engine.Engine [raw sql] ()
2026-09-02 22:18:59,708 INFO sqlalchemy.engine.Engine PRAGMA main.table_info("bank_accounts")
2026-09-02 22:18:59,709 INFO sqlalchemy.engine.Engine [raw sql] ()
2026-09-02 22:18:59,709 INFO sqlalchemy.engine.Engine PRAGMA main.table_info("user_documents")
2026-09-02 22:18:59,709 INFO sqlalchemy.engine.Engine [raw sql] ()
2026-09-02 22:18:59,710 INFO sqlalchemy.engine.Engine PRAGMA main.table_info("courses")
2026-09-02 22:18:59,710 INFO sqlalchemy.engine.Engine [raw sql] ()
2026-09-02 22:18:59,710 INFO sqlalchemy.engine.Engine PRAGMA main.table_info("course_lessons")
2026-09-02 22:18:59,710 INFO sqlalchemy.engine.Engine [raw sql] ()
2026-09-02 22:18:59,711 INFO sqlalchemy.engine.Engine PRAGMA main.table_info("course_enrollments")
2026-09-02 22:18:59,711 INFO sqlalchemy.engine.Engine [raw sql] ()
2026-09-02 22:18:59,713 INFO sqlalchemy.engine.Engine PRAGMA main.table_info("lesson_progress")
2026-09-02 22:18:59,713 INFO sqlalchemy.engine.Engine [raw sql] ()
2026-09-02 22:18:59,714 INFO sqlalchemy.engine.Engine PRAGMA main.table_info("techniques")
2026-09-02 22:18:59,714 INFO sqlalchemy.engine.Engine [raw sql] ()
2026-09-02 22:18:59,714 INFO sqlalchemy.engine.Engine PRAGMA main.table_info("technique_bookmarks")
2026-09-02 22:18:59,715 INFO sqlalchemy.engine.Engine [raw sql] ()
2026-09-02 22:18:59,715 INFO sqlalchemy.engine.Engine PRAGMA main.table_info("news_articles")
2026-09-02 22:18:59,715 INFO sqlalchemy.engine.Engine [raw sql] ()
2026-09-02 22:18:59,716 INFO sqlalchemy.engine.Engine PRAGMA main.table_info("saved_news")
2026-09-02 22:18:59,716 INFO sqlalchemy.engine.Engine [raw sql] ()
2026-09-02 22:18:59,716 INFO sqlalchemy.engine.Engine PRAGMA main.table_info("sensors")
2026-09-02 22:18:59,716 INFO sqlalchemy.engine.Engine [raw sql] ()
2026-09-02 22:18:59,717 INFO sqlalchemy.engine.Engine PRAGMA main.table_info("sensor_readings")
2026-09-02 22:18:59,717 INFO sqlalchemy.engine.Engine [raw sql] ()
2026-09-02 22:18:59,717 INFO sqlalchemy.engine.Engine COMMIT
Farm Assist v1.0.0 started. DB tables created.
2026-09-02 22:19:00,275 INFO sqlalchemy.engine.Engine BEGIN (implicit)
2026-09-02 22:19:00,279 INFO sqlalchemy.engine.Engine SELECT users.id AS users_id, users.farmer_id AS users_farmer_id, users.full_name AS users_full_name, users.phone_number AS users_phone_number, users.email AS users_email, users.password_hash AS users_password_hash, users.profile_image AS users_profile_image, users.preferred_language AS users_preferred_language, users.role AS users_role, users.is_verified AS users_is_verified, users.is_active AS users_is_active, users.created_at AS users_created_at, users.updated_at AS users_updated_at 
FROM users 
WHERE users.id = ?
 LIMIT ? OFFSET ?
2026-09-02 22:19:00,280 INFO sqlalchemy.engine.Engine [generated in 0.00049s] ('f83d359f-177f-4c43-ad14-c3f0cd6d20b4', 1, 0)
2026-09-02 22:19:00,284 INFO sqlalchemy.engine.Engine SELECT user_settings.id AS user_settings_id, user_settings.user_id AS user_settings_user_id, user_settings.notif_weather AS user_settings_notif_weather, user_settings.notif_tasks AS user_settings_notif_tasks, user_settings.notif_market AS user_settings_notif_market, user_settings.notif_messages AS user_settings_notif_messages, user_settings.notif_govt AS user_settings_notif_govt, user_settings.notif_emergency AS user_settings_notif_emergency, user_settings.privacy_location AS user_settings_privacy_location, user_settings.privacy_profile AS user_settings_privacy_profile, user_settings.perm_analytics AS user_settings_perm_analytics, user_settings.perm_crop_data AS user_settings_perm_crop_data, user_settings.perm_market AS user_settings_perm_market, user_settings.units AS user_settings_units, user_settings.voice_enabled AS user_settings_voice_enabled, user_settings.weekly_summary AS user_settings_weekly_summary, user_settings.ai_recommendations AS user_settings_ai_recommendations, user_settings.ai_voice_replies AS user_settings_ai_voice_replies, user_settings.ai_detail AS user_settings_ai_detail, user_settings.ai_training AS user_settings_ai_training, user_settings.farm_default_crop AS user_settings_farm_default_crop, user_settings.farm_land_size AS user_settings_farm_land_size, user_settings.farm_soil_type AS user_settings_farm_soil_type, user_settings.farm_irrigation AS user_settings_farm_irrigation, user_settings.created_at AS user_settings_created_at, user_settings.updated_at AS user_settings_updated_at 
FROM user_settings 
WHERE user_settings.user_id = ?
 LIMIT ? OFFSET ?
2026-09-02 22:19:00,285 INFO sqlalchemy.engine.Engine [generated in 0.00060s] ('f83d359f-177f-4c43-ad14-c3f0cd6d20b4', 1, 0)
2026-09-02 22:19:00,294 INFO sqlalchemy.engine.Engine SELECT count(*) AS count_1 
FROM (SELECT notifications.id AS notifications_id, notifications.notification_id AS notifications_notification_id, notifications.user_id AS notifications_user_id, notifications.title AS notifications_title, notifications.message AS notifications_message, notifications.notification_type AS notifications_notification_type, notifications.reference_id AS notifications_reference_id, notifications.reference_type AS notifications_reference_type, notifications.is_read AS notifications_is_read, notifications.is_archived AS notifications_is_archived, notifications.is_deleted AS notifications_is_deleted, notifications.icon AS notifications_icon, notifications.action_url AS notifications_action_url, notifications.created_at AS notifications_created_at, notifications.updated_at AS notifications_updated_at 
FROM notifications 
WHERE notifications.user_id = ? AND notifications.is_deleted = 0 AND notifications.is_archived = 0) AS anon_1
2026-09-02 22:19:00,295 INFO sqlalchemy.engine.Engine [generated in 0.00060s] ('f83d359f-177f-4c43-ad14-c3f0cd6d20b4',)
2026-09-02 22:19:00,297 INFO sqlalchemy.engine.Engine SELECT notifications.id AS notifications_id, notifications.notification_id AS notifications_notification_id, notifications.user_id AS notifications_user_id, notifications.title AS notifications_title, notifications.message AS notifications_message, notifications.notification_type AS notifications_notification_type, notifications.reference_id AS notifications_reference_id, notifications.reference_type AS notifications_reference_type, notifications.is_read AS notifications_is_read, notifications.is_archived AS notifications_is_archived, notifications.is_deleted AS notifications_is_deleted, notifications.icon AS notifications_icon, notifications.action_url AS notifications_action_url, notifications.created_at AS notifications_created_at, notifications.updated_at AS notifications_updated_at 
FROM notifications 
WHERE notifications.user_id = ? AND notifications.is_deleted = 0 AND notifications.is_archived = 0 ORDER BY notifications.created_at DESC
 LIMIT ? OFFSET ?
2026-09-02 22:19:00,297 INFO sqlalchemy.engine.Engine [generated in 0.00056s] ('f83d359f-177f-4c43-ad14-c3f0cd6d20b4', 1, 0)
2026-09-02 22:19:00,299 INFO sqlalchemy.engine.Engine ROLLBACK
INFO:     127.0.0.1:49696 - "GET /api/v1/notifications?page=1&limit=1&is_archived=false HTTP/1.1" 200 OK
INFO:     127.0.0.1:49696 - "GET /emergency.html HTTP/1.1" 200 OK
INFO:     127.0.0.1:49696 - "GET /.well-known/appspecific/com.chrome.devtools.json HTTP/1.1" 200 OK
INFO:     127.0.0.1:49696 - "GET /assets/icons/icon.svg HTTP/1.1" 200 OK
2026-09-02 22:19:04,609 INFO sqlalchemy.engine.Engine BEGIN (implicit)
2026-09-02 22:19:04,610 INFO sqlalchemy.engine.Engine SELECT users.id AS users_id, users.farmer_id AS users_farmer_id, users.full_name AS users_full_name, users.phone_number AS users_phone_number, users.email AS users_email, users.password_hash AS users_password_hash, users.profile_image AS users_profile_image, users.preferred_language AS users_preferred_language, users.role AS users_role, users.is_verified AS users_is_verified, users.is_active AS users_is_active, users.created_at AS users_created_at, users.updated_at AS users_updated_at 
FROM users 
WHERE users.id = ?
 LIMIT ? OFFSET ?
2026-09-02 22:19:04,611 INFO sqlalchemy.engine.Engine [cached since 4.332s ago] ('f83d359f-177f-4c43-ad14-c3f0cd6d20b4', 1, 0)
2026-09-02 22:19:04,614 INFO sqlalchemy.engine.Engine BEGIN (implicit)
2026-09-02 22:19:04,615 INFO sqlalchemy.engine.Engine SELECT users.id AS users_id, users.farmer_id AS users_farmer_id, users.full_name AS users_full_name, users.phone_number AS users_phone_number, users.email AS users_email, users.password_hash AS users_password_hash, users.profile_image AS users_profile_image, users.preferred_language AS users_preferred_language, users.role AS users_role, users.is_verified AS users_is_verified, users.is_active AS users_is_active, users.created_at AS users_created_at, users.updated_at AS users_updated_at 
FROM users 
WHERE users.id = ?
 LIMIT ? OFFSET ?
2026-09-02 22:19:04,616 INFO sqlalchemy.engine.Engine [cached since 4.336s ago] ('f83d359f-177f-4c43-ad14-c3f0cd6d20b4', 1, 0)
2026-09-02 22:19:04,629 INFO sqlalchemy.engine.Engine BEGIN (implicit)
2026-09-02 22:19:04,631 INFO sqlalchemy.engine.Engine SELECT users.id AS users_id, users.farmer_id AS users_farmer_id, users.full_name AS users_full_name, users.phone_number AS users_phone_number, users.email AS users_email, users.password_hash AS users_password_hash, users.profile_image AS users_profile_image, users.preferred_language AS users_preferred_language, users.role AS users_role, users.is_verified AS users_is_verified, users.is_active AS users_is_active, users.created_at AS users_created_at, users.updated_at AS users_updated_at 
FROM users 
WHERE users.id = ?
 LIMIT ? OFFSET ?
2026-09-02 22:19:04,631 INFO sqlalchemy.engine.Engine [cached since 4.352s ago] ('f83d359f-177f-4c43-ad14-c3f0cd6d20b4', 1, 0)
2026-09-02 22:19:04,645 INFO sqlalchemy.engine.Engine SELECT user_settings.id AS user_settings_id, user_settings.user_id AS user_settings_user_id, user_settings.notif_weather AS user_settings_notif_weather, user_settings.notif_tasks AS user_settings_notif_tasks, user_settings.notif_market AS user_settings_notif_market, user_settings.notif_messages AS user_settings_notif_messages, user_settings.notif_govt AS user_settings_notif_govt, user_settings.notif_emergency AS user_settings_notif_emergency, user_settings.privacy_location AS user_settings_privacy_location, user_settings.privacy_profile AS user_settings_privacy_profile, user_settings.perm_analytics AS user_settings_perm_analytics, user_settings.perm_crop_data AS user_settings_perm_crop_data, user_settings.perm_market AS user_settings_perm_market, user_settings.units AS user_settings_units, user_settings.voice_enabled AS user_settings_voice_enabled, user_settings.weekly_summary AS user_settings_weekly_summary, user_settings.ai_recommendations AS user_settings_ai_recommendations, user_settings.ai_voice_replies AS user_settings_ai_voice_replies, user_settings.ai_detail AS user_settings_ai_detail, user_settings.ai_training AS user_settings_ai_training, user_settings.farm_default_crop AS user_settings_farm_default_crop, user_settings.farm_land_size AS user_settings_farm_land_size, user_settings.farm_soil_type AS user_settings_farm_soil_type, user_settings.farm_irrigation AS user_settings_farm_irrigation, user_settings.created_at AS user_settings_created_at, user_settings.updated_at AS user_settings_updated_at 
FROM user_settings 
WHERE user_settings.user_id = ?
 LIMIT ? OFFSET ?
2026-09-02 22:19:04,657 INFO sqlalchemy.engine.Engine [cached since 4.373s ago] ('f83d359f-177f-4c43-ad14-c3f0cd6d20b4', 1, 0)
2026-09-02 22:19:04,657 INFO sqlalchemy.engine.Engine SELECT user_addresses.id AS user_addresses_id, user_addresses.user_id AS user_addresses_user_id, user_addresses.address_line AS user_addresses_address_line, user_addresses.village AS user_addresses_village, user_addresses.mandal AS user_addresses_mandal, user_addresses.district AS user_addresses_district, user_addresses.state AS user_addresses_state, user_addresses.country AS user_addresses_country, user_addresses.pincode AS user_addresses_pincode, user_addresses.latitude AS user_addresses_latitude, user_addresses.longitude AS user_addresses_longitude, user_addresses.is_primary AS user_addresses_is_primary, user_addresses.created_at AS user_addresses_created_at 
FROM user_addresses 
WHERE ? = user_addresses.user_id
2026-09-02 22:19:04,672 INFO sqlalchemy.engine.Engine [generated in 0.01584s] ('f83d359f-177f-4c43-ad14-c3f0cd6d20b4',)
2026-09-02 22:19:04,670 INFO sqlalchemy.engine.Engine SELECT count(*) AS count_1 
FROM (SELECT notifications.id AS notifications_id, notifications.notification_id AS notifications_notification_id, notifications.user_id AS notifications_user_id, notifications.title AS notifications_title, notifications.message AS notifications_message, notifications.notification_type AS notifications_notification_type, notifications.reference_id AS notifications_reference_id, notifications.reference_type AS notifications_reference_type, notifications.is_read AS notifications_is_read, notifications.is_archived AS notifications_is_archived, notifications.is_deleted AS notifications_is_deleted, notifications.icon AS notifications_icon, notifications.action_url AS notifications_action_url, notifications.created_at AS notifications_created_at, notifications.updated_at AS notifications_updated_at 
FROM notifications 
WHERE notifications.user_id = ? AND notifications.is_read = 0 AND notifications.is_deleted = 0 AND notifications.is_archived = 0) AS anon_1
2026-09-02 22:19:04,689 INFO sqlalchemy.engine.Engine [generated in 0.01911s] ('f83d359f-177f-4c43-ad14-c3f0cd6d20b4',)
2026-09-02 22:19:04,681 INFO sqlalchemy.engine.Engine SELECT farmer_profiles.id AS farmer_profiles_id, farmer_profiles.user_id AS farmer_profiles_user_id, farmer_profiles.farmer_id AS farmer_profiles_farmer_id, farmer_profiles.date_of_birth AS farmer_profiles_date_of_birth, farmer_profiles.gender AS farmer_profiles_gender, farmer_profiles.occupation AS farmer_profiles_occupation, farmer_profiles.farming_experience AS farmer_profiles_farming_experience, farmer_profiles.preferred_crops AS farmer_profiles_preferred_crops, farmer_profiles.aadhaar_number AS farmer_profiles_aadhaar_number, farmer_profiles.pan_number AS farmer_profiles_pan_number, farmer_profiles.irrigation_type AS farmer_profiles_irrigation_type, farmer_profiles.bio AS farmer_profiles_bio, farmer_profiles.farm_location AS farmer_profiles_farm_location, farmer_profiles.farming_type AS farmer_profiles_farming_type, farmer_profiles.created_at AS farmer_profiles_created_at, farmer_profiles.updated_at AS farmer_profiles_updated_at 
FROM farmer_profiles 
WHERE ? = farmer_profiles.user_id
2026-09-02 22:19:04,692 INFO sqlalchemy.engine.Engine [generated in 0.01153s] ('f83d359f-177f-4c43-ad14-c3f0cd6d20b4',)
2026-09-02 22:19:04,689 INFO sqlalchemy.engine.Engine SELECT farm_emergency_reports.id AS farm_emergency_reports_id, farm_emergency_reports.reference_id AS farm_emergency_reports_reference_id, farm_emergency_reports.farmer_id AS farm_emergency_reports_farmer_id, farm_emergency_reports.emergency_type AS farm_emergency_reports_emergency_type, farm_emergency_reports.urgency AS farm_emergency_reports_urgency, farm_emergency_reports.location AS farm_emergency_reports_location, farm_emergency_reports.latitude AS farm_emergency_reports_latitude, farm_emergency_reports.longitude AS farm_emergency_reports_longitude, farm_emergency_reports.contact_phone AS farm_emergency_reports_contact_phone, farm_emergency_reports.reference_name AS farm_emergency_reports_reference_name, farm_emergency_reports.message AS farm_emergency_reports_message, farm_emergency_reports.status AS farm_emergency_reports_status, farm_emergency_reports.created_at AS farm_emergency_reports_created_at, farm_emergency_reports.updated_at AS farm_emergency_reports_updated_at 
FROM farm_emergency_reports 
WHERE farm_emergency_reports.farmer_id = ? ORDER BY farm_emergency_reports.created_at DESC
2026-09-02 22:19:04,694 INFO sqlalchemy.engine.Engine [generated in 0.00480s] ('f83d359f-177f-4c43-ad14-c3f0cd6d20b4',)
2026-09-02 22:19:04,698 INFO sqlalchemy.engine.Engine ROLLBACK
INFO:     127.0.0.1:53238 - "GET /api/v1/notifications/unread HTTP/1.1" 200 OK
2026-09-02 22:19:04,698 INFO sqlalchemy.engine.Engine ROLLBACK
INFO:     127.0.0.1:61651 - "GET /api/v1/emergency/reports HTTP/1.1" 200 OK
INFO:     127.0.0.1:49696 - "GET /favicon.ico HTTP/1.1" 200 OK
2026-09-02 22:19:04,702 INFO sqlalchemy.engine.Engine ROLLBACK
INFO:     127.0.0.1:56655 - "GET /api/v1/auth/me HTTP/1.1" 200 OK
INFO:     127.0.0.1:49696 - "GET /sw.js HTTP/1.1" 200 OK
INFO:     127.0.0.1:54287 - "GET /notifications.html HTTP/1.1" 200 OK
INFO:     127.0.0.1:54287 - "GET /.well-known/appspecific/com.chrome.devtools.json HTTP/1.1" 200 OK
2026-09-02 22:19:13,860 INFO sqlalchemy.engine.Engine BEGIN (implicit)
2026-09-02 22:19:13,861 INFO sqlalchemy.engine.Engine SELECT users.id AS users_id, users.farmer_id AS users_farmer_id, users.full_name AS users_full_name, users.phone_number AS users_phone_number, users.email AS users_email, users.password_hash AS users_password_hash, users.profile_image AS users_profile_image, users.preferred_language AS users_preferred_language, users.role AS users_role, users.is_verified AS users_is_verified, users.is_active AS users_is_active, users.created_at AS users_created_at, users.updated_at AS users_updated_at 
FROM users 
WHERE users.id = ?
 LIMIT ? OFFSET ?
2026-09-02 22:19:13,861 INFO sqlalchemy.engine.Engine [cached since 13.58s ago] ('f83d359f-177f-4c43-ad14-c3f0cd6d20b4', 1, 0)
2026-09-02 22:19:13,872 INFO sqlalchemy.engine.Engine BEGIN (implicit)
2026-09-02 22:19:13,873 INFO sqlalchemy.engine.Engine SELECT users.id AS users_id, users.farmer_id AS users_farmer_id, users.full_name AS users_full_name, users.phone_number AS users_phone_number, users.email AS users_email, users.password_hash AS users_password_hash, users.profile_image AS users_profile_image, users.preferred_language AS users_preferred_language, users.role AS users_role, users.is_verified AS users_is_verified, users.is_active AS users_is_active, users.created_at AS users_created_at, users.updated_at AS users_updated_at 
FROM users 
WHERE users.id = ?
 LIMIT ? OFFSET ?
2026-09-02 22:19:13,873 INFO sqlalchemy.engine.Engine [cached since 13.59s ago] ('f83d359f-177f-4c43-ad14-c3f0cd6d20b4', 1, 0)
2026-09-02 22:19:13,880 INFO sqlalchemy.engine.Engine BEGIN (implicit)
2026-09-02 22:19:13,881 INFO sqlalchemy.engine.Engine SELECT users.id AS users_id, users.farmer_id AS users_farmer_id, users.full_name AS users_full_name, users.phone_number AS users_phone_number, users.email AS users_email, users.password_hash AS users_password_hash, users.profile_image AS users_profile_image, users.preferred_language AS users_preferred_language, users.role AS users_role, users.is_verified AS users_is_verified, users.is_active AS users_is_active, users.created_at AS users_created_at, users.updated_at AS users_updated_at 
FROM users 
WHERE users.id = ?
 LIMIT ? OFFSET ?
2026-09-02 22:19:13,882 INFO sqlalchemy.engine.Engine [cached since 13.6s ago] ('f83d359f-177f-4c43-ad14-c3f0cd6d20b4', 1, 0)
2026-09-02 22:19:13,884 INFO sqlalchemy.engine.Engine SELECT user_settings.id AS user_settings_id, user_settings.user_id AS user_settings_user_id, user_settings.notif_weather AS user_settings_notif_weather, user_settings.notif_tasks AS user_settings_notif_tasks, user_settings.notif_market AS user_settings_notif_market, user_settings.notif_messages AS user_settings_notif_messages, user_settings.notif_govt AS user_settings_notif_govt, user_settings.notif_emergency AS user_settings_notif_emergency, user_settings.privacy_location AS user_settings_privacy_location, user_settings.privacy_profile AS user_settings_privacy_profile, user_settings.perm_analytics AS user_settings_perm_analytics, user_settings.perm_crop_data AS user_settings_perm_crop_data, user_settings.perm_market AS user_settings_perm_market, user_settings.units AS user_settings_units, user_settings.voice_enabled AS user_settings_voice_enabled, user_settings.weekly_summary AS user_settings_weekly_summary, user_settings.ai_recommendations AS user_settings_ai_recommendations, user_settings.ai_voice_replies AS user_settings_ai_voice_replies, user_settings.ai_detail AS user_settings_ai_detail, user_settings.ai_training AS user_settings_ai_training, user_settings.farm_default_crop AS user_settings_farm_default_crop, user_settings.farm_land_size AS user_settings_farm_land_size, user_settings.farm_soil_type AS user_settings_farm_soil_type, user_settings.farm_irrigation AS user_settings_farm_irrigation, user_settings.created_at AS user_settings_created_at, user_settings.updated_at AS user_settings_updated_at 
FROM user_settings 
WHERE user_settings.user_id = ?
 LIMIT ? OFFSET ?
2026-09-02 22:19:13,890 INFO sqlalchemy.engine.Engine SELECT user_addresses.id AS user_addresses_id, user_addresses.user_id AS user_addresses_user_id, user_addresses.address_line AS user_addresses_address_line, user_addresses.village AS user_addresses_village, user_addresses.mandal AS user_addresses_mandal, user_addresses.district AS user_addresses_district, user_addresses.state AS user_addresses_state, user_addresses.country AS user_addresses_country, user_addresses.pincode AS user_addresses_pincode, user_addresses.latitude AS user_addresses_latitude, user_addresses.longitude AS user_addresses_longitude, user_addresses.is_primary AS user_addresses_is_primary, user_addresses.created_at AS user_addresses_created_at 
FROM user_addresses 
WHERE ? = user_addresses.user_id
INFO:     127.0.0.1:61447 - "GET /favicon.ico HTTP/1.1" 200 OK
2026-09-02 22:19:13,892 INFO sqlalchemy.engine.Engine SELECT user_settings.id AS user_settings_id, user_settings.user_id AS user_settings_user_id, user_settings.notif_weather AS user_settings_notif_weather, user_settings.notif_tasks AS user_settings_notif_tasks, user_settings.notif_market AS user_settings_notif_market, user_settings.notif_messages AS user_settings_notif_messages, user_settings.notif_govt AS user_settings_notif_govt, user_settings.notif_emergency AS user_settings_notif_emergency, user_settings.privacy_location AS user_settings_privacy_location, user_settings.privacy_profile AS user_settings_privacy_profile, user_settings.perm_analytics AS user_settings_perm_analytics, user_settings.perm_crop_data AS user_settings_perm_crop_data, user_settings.perm_market AS user_settings_perm_market, user_settings.units AS user_settings_units, user_settings.voice_enabled AS user_settings_voice_enabled, user_settings.weekly_summary AS user_settings_weekly_summary, user_settings.ai_recommendations AS user_settings_ai_recommendations, user_settings.ai_voice_replies AS user_settings_ai_voice_replies, user_settings.ai_detail AS user_settings_ai_detail, user_settings.ai_training AS user_settings_ai_training, user_settings.farm_default_crop AS user_settings_farm_default_crop, user_settings.farm_land_size AS user_settings_farm_land_size, user_settings.farm_soil_type AS user_settings_farm_soil_type, user_settings.farm_irrigation AS user_settings_farm_irrigation, user_settings.created_at AS user_settings_created_at, user_settings.updated_at AS user_settings_updated_at 
FROM user_settings 
WHERE user_settings.user_id = ?
 LIMIT ? OFFSET ?
2026-09-02 22:19:13,892 INFO sqlalchemy.engine.Engine [cached since 13.61s ago] ('f83d359f-177f-4c43-ad14-c3f0cd6d20b4', 1, 0)
2026-09-02 22:19:13,893 INFO sqlalchemy.engine.Engine [cached since 9.237s ago] ('f83d359f-177f-4c43-ad14-c3f0cd6d20b4',)
2026-09-02 22:19:13,894 INFO sqlalchemy.engine.Engine [cached since 13.61s ago] ('f83d359f-177f-4c43-ad14-c3f0cd6d20b4', 1, 0)
2026-09-02 22:19:13,898 INFO sqlalchemy.engine.Engine SELECT count(*) AS count_1 
FROM (SELECT notifications.id AS notifications_id, notifications.notification_id AS notifications_notification_id, notifications.user_id AS notifications_user_id, notifications.title AS notifications_title, notifications.message AS notifications_message, notifications.notification_type AS notifications_notification_type, notifications.reference_id AS notifications_reference_id, notifications.reference_type AS notifications_reference_type, notifications.is_read AS notifications_is_read, notifications.is_archived AS notifications_is_archived, notifications.is_deleted AS notifications_is_deleted, notifications.icon AS notifications_icon, notifications.action_url AS notifications_action_url, notifications.created_at AS notifications_created_at, notifications.updated_at AS notifications_updated_at 
FROM notifications 
WHERE notifications.user_id = ? AND notifications.is_deleted = 0 AND notifications.is_archived = 0) AS anon_1
2026-09-02 22:19:13,900 INFO sqlalchemy.engine.Engine [cached since 13.61s ago] ('f83d359f-177f-4c43-ad14-c3f0cd6d20b4',)
2026-09-02 22:19:13,909 INFO sqlalchemy.engine.Engine SELECT farmer_profiles.id AS farmer_profiles_id, farmer_profiles.user_id AS farmer_profiles_user_id, farmer_profiles.farmer_id AS farmer_profiles_farmer_id, farmer_profiles.date_of_birth AS farmer_profiles_date_of_birth, farmer_profiles.gender AS farmer_profiles_gender, farmer_profiles.occupation AS farmer_profiles_occupation, farmer_profiles.farming_experience AS farmer_profiles_farming_experience, farmer_profiles.preferred_crops AS farmer_profiles_preferred_crops, farmer_profiles.aadhaar_number AS farmer_profiles_aadhaar_number, farmer_profiles.pan_number AS farmer_profiles_pan_number, farmer_profiles.irrigation_type AS farmer_profiles_irrigation_type, farmer_profiles.bio AS farmer_profiles_bio, farmer_profiles.farm_location AS farmer_profiles_farm_location, farmer_profiles.farming_type AS farmer_profiles_farming_type, farmer_profiles.created_at AS farmer_profiles_created_at, farmer_profiles.updated_at AS farmer_profiles_updated_at 
FROM farmer_profiles 
WHERE ? = farmer_profiles.user_id
2026-09-02 22:19:13,911 INFO sqlalchemy.engine.Engine SELECT count(*) AS count_1 
FROM (SELECT notifications.id AS notifications_id, notifications.notification_id AS notifications_notification_id, notifications.user_id AS notifications_user_id, notifications.title AS notifications_title, notifications.message AS notifications_message, notifications.notification_type AS notifications_notification_type, notifications.reference_id AS notifications_reference_id, notifications.reference_type AS notifications_reference_type, notifications.is_read AS notifications_is_read, notifications.is_archived AS notifications_is_archived, notifications.is_deleted AS notifications_is_deleted, notifications.icon AS notifications_icon, notifications.action_url AS notifications_action_url, notifications.created_at AS notifications_created_at, notifications.updated_at AS notifications_updated_at 
FROM notifications 
WHERE notifications.user_id = ? AND notifications.is_read = 0 AND notifications.is_deleted = 0 AND notifications.is_archived = 0) AS anon_1
2026-09-02 22:19:13,913 INFO sqlalchemy.engine.Engine SELECT notifications.id AS notifications_id, notifications.notification_id AS notifications_notification_id, notifications.user_id AS notifications_user_id, notifications.title AS notifications_title, notifications.message AS notifications_message, notifications.notification_type AS notifications_notification_type, notifications.reference_id AS notifications_reference_id, notifications.reference_type AS notifications_reference_type, notifications.is_read AS notifications_is_read, notifications.is_archived AS notifications_is_archived, notifications.is_deleted AS notifications_is_deleted, notifications.icon AS notifications_icon, notifications.action_url AS notifications_action_url, notifications.created_at AS notifications_created_at, notifications.updated_at AS notifications_updated_at 
FROM notifications 
WHERE notifications.user_id = ? AND notifications.is_deleted = 0 AND notifications.is_archived = 0 ORDER BY notifications.created_at DESC
 LIMIT ? OFFSET ?
2026-09-02 22:19:13,914 INFO sqlalchemy.engine.Engine [cached since 9.233s ago] ('f83d359f-177f-4c43-ad14-c3f0cd6d20b4',)
2026-09-02 22:19:13,914 INFO sqlalchemy.engine.Engine [cached since 9.244s ago] ('f83d359f-177f-4c43-ad14-c3f0cd6d20b4',)
2026-09-02 22:19:13,915 INFO sqlalchemy.engine.Engine [cached since 13.62s ago] ('f83d359f-177f-4c43-ad14-c3f0cd6d20b4', 30, 0)
2026-09-02 22:19:13,918 INFO sqlalchemy.engine.Engine ROLLBACK
INFO:     127.0.0.1:63794 - "GET /api/v1/auth/me HTTP/1.1" 200 OK
2026-09-02 22:19:13,924 INFO sqlalchemy.engine.Engine ROLLBACK
2026-09-02 22:19:13,924 INFO sqlalchemy.engine.Engine ROLLBACK
INFO:     127.0.0.1:54287 - "GET /api/v1/notifications?page=1&limit=30&is_archived=false HTTP/1.1" 200 OK
INFO:     127.0.0.1:61498 - "GET /api/v1/notifications/unread HTTP/1.1" 200 OK
2026-09-02 22:19:14,070 INFO sqlalchemy.engine.Engine BEGIN (implicit)
2026-09-02 22:19:14,093 INFO sqlalchemy.engine.Engine SELECT users.id AS users_id, users.farmer_id AS users_farmer_id, users.full_name AS users_full_name, users.phone_number AS users_phone_number, users.email AS users_email, users.password_hash AS users_password_hash, users.profile_image AS users_profile_image, users.preferred_language AS users_preferred_language, users.role AS users_role, users.is_verified AS users_is_verified, users.is_active AS users_is_active, users.created_at AS users_created_at, users.updated_at AS users_updated_at 
FROM users 
WHERE users.id = ?
 LIMIT ? OFFSET ?
2026-09-02 22:19:14,095 INFO sqlalchemy.engine.Engine [cached since 13.82s ago] ('f83d359f-177f-4c43-ad14-c3f0cd6d20b4', 1, 0)
2026-09-02 22:19:14,098 INFO sqlalchemy.engine.Engine SELECT user_settings.id AS user_settings_id, user_settings.user_id AS user_settings_user_id, user_settings.notif_weather AS user_settings_notif_weather, user_settings.notif_tasks AS user_settings_notif_tasks, user_settings.notif_market AS user_settings_notif_market, user_settings.notif_messages AS user_settings_notif_messages, user_settings.notif_govt AS user_settings_notif_govt, user_settings.notif_emergency AS user_settings_notif_emergency, user_settings.privacy_location AS user_settings_privacy_location, user_settings.privacy_profile AS user_settings_privacy_profile, user_settings.perm_analytics AS user_settings_perm_analytics, user_settings.perm_crop_data AS user_settings_perm_crop_data, user_settings.perm_market AS user_settings_perm_market, user_settings.units AS user_settings_units, user_settings.voice_enabled AS user_settings_voice_enabled, user_settings.weekly_summary AS user_settings_weekly_summary, user_settings.ai_recommendations AS user_settings_ai_recommendations, user_settings.ai_voice_replies AS user_settings_ai_voice_replies, user_settings.ai_detail AS user_settings_ai_detail, user_settings.ai_training AS user_settings_ai_training, user_settings.farm_default_crop AS user_settings_farm_default_crop, user_settings.farm_land_size AS user_settings_farm_land_size, user_settings.farm_soil_type AS user_settings_farm_soil_type, user_settings.farm_irrigation AS user_settings_farm_irrigation, user_settings.created_at AS user_settings_created_at, user_settings.updated_at AS user_settings_updated_at 
FROM user_settings 
WHERE user_settings.user_id = ?
 LIMIT ? OFFSET ?
2026-09-02 22:19:14,099 INFO sqlalchemy.engine.Engine [cached since 13.81s ago] ('f83d359f-177f-4c43-ad14-c3f0cd6d20b4', 1, 0)
2026-09-02 22:19:14,101 INFO sqlalchemy.engine.Engine SELECT count(*) AS count_1 
FROM (SELECT notifications.id AS notifications_id, notifications.notification_id AS notifications_notification_id, notifications.user_id AS notifications_user_id, notifications.title AS notifications_title, notifications.message AS notifications_message, notifications.notification_type AS notifications_notification_type, notifications.reference_id AS notifications_reference_id, notifications.reference_type AS notifications_reference_type, notifications.is_read AS notifications_is_read, notifications.is_archived AS notifications_is_archived, notifications.is_deleted AS notifications_is_deleted, notifications.icon AS notifications_icon, notifications.action_url AS notifications_action_url, notifications.created_at AS notifications_created_at, notifications.updated_at AS notifications_updated_at 
FROM notifications 
WHERE notifications.user_id = ? AND notifications.is_read = 0 AND notifications.is_deleted = 0 AND notifications.is_archived = 0) AS anon_1
2026-09-02 22:19:14,101 INFO sqlalchemy.engine.Engine [cached since 9.431s ago] ('f83d359f-177f-4c43-ad14-c3f0cd6d20b4',)
2026-09-02 22:19:14,104 INFO sqlalchemy.engine.Engine ROLLBACK
INFO:     127.0.0.1:54287 - "GET /api/v1/notifications/unread HTTP/1.1" 200 OK
INFO:     127.0.0.1:54287 - "GET /sw.js HTTP/1.1" 200 OK
2026-09-02 22:19:15,856 INFO sqlalchemy.engine.Engine BEGIN (implicit)
2026-09-02 22:19:15,860 INFO sqlalchemy.engine.Engine SELECT users.id AS users_id, users.farmer_id AS users_farmer_id, users.full_name AS users_full_name, users.phone_number AS users_phone_number, users.email AS users_email, users.password_hash AS users_password_hash, users.profile_image AS users_profile_image, users.preferred_language AS users_preferred_language, users.role AS users_role, users.is_verified AS users_is_verified, users.is_active AS users_is_active, users.created_at AS users_created_at, users.updated_at AS users_updated_at 
FROM users 
WHERE users.id = ?
 LIMIT ? OFFSET ?
2026-09-02 22:19:15,862 INFO sqlalchemy.engine.Engine [cached since 15.58s ago] ('f83d359f-177f-4c43-ad14-c3f0cd6d20b4', 1, 0)
2026-09-02 22:19:15,868 INFO sqlalchemy.engine.Engine SELECT notifications.id AS notifications_id, notifications.notification_id AS notifications_notification_id, notifications.user_id AS notifications_user_id, notifications.title AS notifications_title, notifications.message AS notifications_message, notifications.notification_type AS notifications_notification_type, notifications.reference_id AS notifications_reference_id, notifications.reference_type AS notifications_reference_type, notifications.is_read AS notifications_is_read, notifications.is_archived AS notifications_is_archived, notifications.is_deleted AS notifications_is_deleted, notifications.icon AS notifications_icon, notifications.action_url AS notifications_action_url, notifications.created_at AS notifications_created_at, notifications.updated_at AS notifications_updated_at 
FROM notifications 
WHERE notifications.id = ? AND notifications.user_id = ? AND notifications.is_deleted = 0
 LIMIT ? OFFSET ?
2026-09-02 22:19:15,870 INFO sqlalchemy.engine.Engine [generated in 0.00150s] ('7b43b47c-8371-4719-810e-ca5e2a27cfff', 'f83d359f-177f-4c43-ad14-c3f0cd6d20b4', 1, 0)
2026-09-02 22:19:15,873 INFO sqlalchemy.engine.Engine ROLLBACK
INFO:     127.0.0.1:54287 - "GET /api/v1/notifications/7b43b47c-8371-4719-810e-ca5e2a27cfff HTTP/1.1" 200 OK
