INFO:     Started server process [9720]
INFO:     Waiting for application startup.
INFO:     Application startup complete.
INFO:     Uvicorn running on http://127.0.0.1:8000 (Press CTRL+C to quit)
C:\Users\AICOE 5\Downloads\Farm_Assist.Application\backend\app\routers\farmbuzz.py:347: SAWarning: Coercing Subquery object into a select() for use in IN(); please pass a select() construct explicitly
  FarmBuzzPost.user_id.in_(followers_of),
ERROR:    Exception in ASGI application
Traceback (most recent call last):
  File "C:\Users\AICOE 5\Downloads\Farm_Assist.Application\backend\venv\Lib\site-packages\sqlalchemy\engine\base.py", line 1967, in _exec_single_context
    self.dialect.do_execute(
    ~~~~~~~~~~~~~~~~~~~~~~~^
        cursor, str_statement, effective_parameters, context
        ^^^^^^^^^^^^^^^^^^^^^^^^^^^^^^^^^^^^^^^^^^^^^^^^^^^^
    )
    ^
  File "C:\Users\AICOE 5\Downloads\Farm_Assist.Application\backend\venv\Lib\site-packages\sqlalchemy\engine\default.py", line 941, in do_execute
    cursor.execute(statement, parameters)
    ~~~~~~~~~~~~~~^^^^^^^^^^^^^^^^^^^^^^^
sqlite3.OperationalError: no such column: lesson_progress.course_id

The above exception was the direct cause of the following exception:

Traceback (most recent call last):
  File "C:\Users\AICOE 5\Downloads\Farm_Assist.Application\backend\venv\Lib\site-packages\uvicorn\protocols\http\httptools_impl.py", line 399, in run_asgi
    result = await app(  # type: ignore[func-returns-value]
             ^^^^^^^^^^^^^^^^^^^^^^^^^^^^^^^^^^^^^^^^^^^^^^
        self.scope, self.receive, self.send
        ^^^^^^^^^^^^^^^^^^^^^^^^^^^^^^^^^^^
    )
    ^
  File "C:\Users\AICOE 5\Downloads\Farm_Assist.Application\backend\venv\Lib\site-packages\uvicorn\middleware\proxy_headers.py", line 70, in __call__
    return await self.app(scope, receive, send)
           ^^^^^^^^^^^^^^^^^^^^^^^^^^^^^^^^^^^^
  File "C:\Users\AICOE 5\Downloads\Farm_Assist.Application\backend\venv\Lib\site-packages\fastapi\applications.py", line 1054, in __call__
    await super().__call__(scope, receive, send)
  File "C:\Users\AICOE 5\Downloads\Farm_Assist.Application\backend\venv\Lib\site-packages\starlette\applications.py", line 113, in __call__
    await self.middleware_stack(scope, receive, send)
  File "C:\Users\AICOE 5\Downloads\Farm_Assist.Application\backend\venv\Lib\site-packages\starlette\middleware\errors.py", line 187, in __call__
    raise exc
  File "C:\Users\AICOE 5\Downloads\Farm_Assist.Application\backend\venv\Lib\site-packages\starlette\middleware\errors.py", line 165, in __call__
    await self.app(scope, receive, _send)
  File "C:\Users\AICOE 5\Downloads\Farm_Assist.Application\backend\venv\Lib\site-packages\starlette\middleware\base.py", line 185, in __call__
    with collapse_excgroups():
         ~~~~~~~~~~~~~~~~~~^^
  File "C:\Users\AICOE 5\AppData\Local\Programs\Python\Python313\Lib\contextlib.py", line 162, in __exit__
    self.gen.throw(value)
    ~~~~~~~~~~~~~~^^^^^^^
  File "C:\Users\AICOE 5\Downloads\Farm_Assist.Application\backend\venv\Lib\site-packages\starlette\_utils.py", line 83, in collapse_excgroups
    raise exc
  File "C:\Users\AICOE 5\Downloads\Farm_Assist.Application\backend\venv\Lib\site-packages\starlette\middleware\base.py", line 187, in __call__
    response = await self.dispatch_func(request, call_next)
               ^^^^^^^^^^^^^^^^^^^^^^^^^^^^^^^^^^^^^^^^^^^^
  File "C:\Users\AICOE 5\Downloads\Farm_Assist.Application\backend\app\middleware\security.py", line 12, in dispatch
    response = await call_next(request)
               ^^^^^^^^^^^^^^^^^^^^^^^^
  File "C:\Users\AICOE 5\Downloads\Farm_Assist.Application\backend\venv\Lib\site-packages\starlette\middleware\base.py", line 163, in call_next
    raise app_exc
  File "C:\Users\AICOE 5\Downloads\Farm_Assist.Application\backend\venv\Lib\site-packages\starlette\middleware\base.py", line 149, in coro
    await self.app(scope, receive_or_disconnect, send_no_error)
  File "C:\Users\AICOE 5\Downloads\Farm_Assist.Application\backend\venv\Lib\site-packages\starlette\middleware\cors.py", line 85, in __call__
    await self.app(scope, receive, send)
  File "C:\Users\AICOE 5\Downloads\Farm_Assist.Application\backend\venv\Lib\site-packages\starlette\middleware\exceptions.py", line 62, in __call__
    await wrap_app_handling_exceptions(self.app, conn)(scope, receive, send)
  File "C:\Users\AICOE 5\Downloads\Farm_Assist.Application\backend\venv\Lib\site-packages\starlette\_exception_handler.py", line 62, in wrapped_app
    raise exc
  File "C:\Users\AICOE 5\Downloads\Farm_Assist.Application\backend\venv\Lib\site-packages\starlette\_exception_handler.py", line 51, in wrapped_app
    await app(scope, receive, sender)
  File "C:\Users\AICOE 5\Downloads\Farm_Assist.Application\backend\venv\Lib\site-packages\starlette\routing.py", line 715, in __call__
    await self.middleware_stack(scope, receive, send)
  File "C:\Users\AICOE 5\Downloads\Farm_Assist.Application\backend\venv\Lib\site-packages\starlette\routing.py", line 735, in app
    await route.handle(scope, receive, send)
  File "C:\Users\AICOE 5\Downloads\Farm_Assist.Application\backend\venv\Lib\site-packages\starlette\routing.py", line 288, in handle
    await self.app(scope, receive, send)
  File "C:\Users\AICOE 5\Downloads\Farm_Assist.Application\backend\venv\Lib\site-packages\starlette\routing.py", line 76, in app
    await wrap_app_handling_exceptions(app, request)(scope, receive, send)
  File "C:\Users\AICOE 5\Downloads\Farm_Assist.Application\backend\venv\Lib\site-packages\starlette\_exception_handler.py", line 62, in wrapped_app
    raise exc
  File "C:\Users\AICOE 5\Downloads\Farm_Assist.Application\backend\venv\Lib\site-packages\starlette\_exception_handler.py", line 51, in wrapped_app
    await app(scope, receive, sender)
  File "C:\Users\AICOE 5\Downloads\Farm_Assist.Application\backend\venv\Lib\site-packages\starlette\routing.py", line 73, in app
    response = await f(request)
               ^^^^^^^^^^^^^^^^
  File "C:\Users\AICOE 5\Downloads\Farm_Assist.Application\backend\venv\Lib\site-packages\fastapi\routing.py", line 301, in app
    raw_response = await run_endpoint_function(
                   ^^^^^^^^^^^^^^^^^^^^^^^^^^^^
    ...<3 lines>...
    )
    ^
  File "C:\Users\AICOE 5\Downloads\Farm_Assist.Application\backend\venv\Lib\site-packages\fastapi\routing.py", line 214, in run_endpoint_function
    return await run_in_threadpool(dependant.call, **values)
           ^^^^^^^^^^^^^^^^^^^^^^^^^^^^^^^^^^^^^^^^^^^^^^^^^
  File "C:\Users\AICOE 5\Downloads\Farm_Assist.Application\backend\venv\Lib\site-packages\starlette\concurrency.py", line 39, in run_in_threadpool
    return await anyio.to_thread.run_sync(func, *args)
           ^^^^^^^^^^^^^^^^^^^^^^^^^^^^^^^^^^^^^^^^^^^
  File "C:\Users\AICOE 5\Downloads\Farm_Assist.Application\backend\venv\Lib\site-packages\anyio\to_thread.py", line 65, in run_sync
    return await get_async_backend().run_sync_in_worker_thread(
           ^^^^^^^^^^^^^^^^^^^^^^^^^^^^^^^^^^^^^^^^^^^^^^^^^^^^
        func, args, abandon_on_cancel=abandon_on_cancel, limiter=limiter
        ^^^^^^^^^^^^^^^^^^^^^^^^^^^^^^^^^^^^^^^^^^^^^^^^^^^^^^^^^^^^^^^^
    )
    ^
  File "C:\Users\AICOE 5\Downloads\Farm_Assist.Application\backend\venv\Lib\site-packages\anyio\_backends\_asyncio.py", line 2641, in run_sync_in_worker_thread
    return await future
           ^^^^^^^^^^^^
  File "C:\Users\AICOE 5\Downloads\Farm_Assist.Application\backend\venv\Lib\site-packages\anyio\_backends\_asyncio.py", line 1033, in run
    result = context.run(func, *args)
  File "C:\Users\AICOE 5\Downloads\Farm_Assist.Application\backend\app\routers\learning.py", line 280, in my_learning
    LessonProgress.user_id == current_user.id,
    ^^^^^
  File "C:\Users\AICOE 5\Downloads\Farm_Assist.Application\backend\venv\Lib\site-packages\sqlalchemy\orm\query.py", line 3113, in count
    self._legacy_from_self(col).enable_eagerloads(False).scalar()
    ~~~~~~~~~~~~~~~~~~~~~~~~~~~~~~~~~~~~~~~~~~~~~~~~~~~~~~~~~~~^^
  File "C:\Users\AICOE 5\Downloads\Farm_Assist.Application\backend\venv\Lib\site-packages\sqlalchemy\orm\query.py", line 2805, in scalar
    ret = self.one()
  File "C:\Users\AICOE 5\Downloads\Farm_Assist.Application\backend\venv\Lib\site-packages\sqlalchemy\orm\query.py", line 2778, in one
    return self._iter().one()  # type: ignore
           ~~~~~~~~~~^^
  File "C:\Users\AICOE 5\Downloads\Farm_Assist.Application\backend\venv\Lib\site-packages\sqlalchemy\orm\query.py", line 2827, in _iter
    result: Union[ScalarResult[_T], Result[_T]] = self.session.execute(
                                                  ~~~~~~~~~~~~~~~~~~~~^
        statement,
        ^^^^^^^^^^
        params,
        ^^^^^^^
        execution_options={"_sa_orm_load_options": self.load_options},
        ^^^^^^^^^^^^^^^^^^^^^^^^^^^^^^^^^^^^^^^^^^^^^^^^^^^^^^^^^^^^^^
    )
    ^
  File "C:\Users\AICOE 5\Downloads\Farm_Assist.Application\backend\venv\Lib\site-packages\sqlalchemy\orm\session.py", line 2362, in execute
    return self._execute_internal(
           ~~~~~~~~~~~~~~~~~~~~~~^
        statement,
        ^^^^^^^^^^
    ...<4 lines>...
        _add_event=_add_event,
        ^^^^^^^^^^^^^^^^^^^^^^
    )
    ^
  File "C:\Users\AICOE 5\Downloads\Farm_Assist.Application\backend\venv\Lib\site-packages\sqlalchemy\orm\session.py", line 2247, in _execute_internal
    result: Result[Any] = compile_state_cls.orm_execute_statement(
                          ~~~~~~~~~~~~~~~~~~~~~~~~~~~~~~~~~~~~~~~^
        self,
        ^^^^^
    ...<4 lines>...
        conn,
        ^^^^^
    )
    ^
  File "C:\Users\AICOE 5\Downloads\Farm_Assist.Application\backend\venv\Lib\site-packages\sqlalchemy\orm\context.py", line 305, in orm_execute_statement
    result = conn.execute(
        statement, params or {}, execution_options=execution_options
    )
  File "C:\Users\AICOE 5\Downloads\Farm_Assist.Application\backend\venv\Lib\site-packages\sqlalchemy\engine\base.py", line 1418, in execute
    return meth(
        self,
        distilled_parameters,
        execution_options or NO_OPTIONS,
    )
  File "C:\Users\AICOE 5\Downloads\Farm_Assist.Application\backend\venv\Lib\site-packages\sqlalchemy\sql\elements.py", line 515, in _execute_on_connection
    return connection._execute_clauseelement(
           ~~~~~~~~~~~~~~~~~~~~~~~~~~~~~~~~~^
        self, distilled_params, execution_options
        ^^^^^^^^^^^^^^^^^^^^^^^^^^^^^^^^^^^^^^^^^
    )
    ^
  File "C:\Users\AICOE 5\Downloads\Farm_Assist.Application\backend\venv\Lib\site-packages\sqlalchemy\engine\base.py", line 1640, in _execute_clauseelement
    ret = self._execute_context(
        dialect,
    ...<8 lines>...
        cache_hit=cache_hit,
    )
  File "C:\Users\AICOE 5\Downloads\Farm_Assist.Application\backend\venv\Lib\site-packages\sqlalchemy\engine\base.py", line 1846, in _execute_context
    return self._exec_single_context(
           ~~~~~~~~~~~~~~~~~~~~~~~~~^
        dialect, context, statement, parameters
        ^^^^^^^^^^^^^^^^^^^^^^^^^^^^^^^^^^^^^^^
    )
    ^
  File "C:\Users\AICOE 5\Downloads\Farm_Assist.Application\backend\venv\Lib\site-packages\sqlalchemy\engine\base.py", line 1986, in _exec_single_context
    self._handle_dbapi_exception(
    ~~~~~~~~~~~~~~~~~~~~~~~~~~~~^
        e, str_statement, effective_parameters, cursor, context
        ^^^^^^^^^^^^^^^^^^^^^^^^^^^^^^^^^^^^^^^^^^^^^^^^^^^^^^^
    )
    ^
  File "C:\Users\AICOE 5\Downloads\Farm_Assist.Application\backend\venv\Lib\site-packages\sqlalchemy\engine\base.py", line 2355, in _handle_dbapi_exception
    raise sqlalchemy_exception.with_traceback(exc_info[2]) from e
  File "C:\Users\AICOE 5\Downloads\Farm_Assist.Application\backend\venv\Lib\site-packages\sqlalchemy\engine\base.py", line 1967, in _exec_single_context
    self.dialect.do_execute(
    ~~~~~~~~~~~~~~~~~~~~~~~^
        cursor, str_statement, effective_parameters, context
        ^^^^^^^^^^^^^^^^^^^^^^^^^^^^^^^^^^^^^^^^^^^^^^^^^^^^
    )
    ^
  File "C:\Users\AICOE 5\Downloads\Farm_Assist.Application\backend\venv\Lib\site-packages\sqlalchemy\engine\default.py", line 941, in do_execute
    cursor.execute(statement, parameters)
    ~~~~~~~~~~~~~~^^^^^^^^^^^^^^^^^^^^^^^
sqlalchemy.exc.OperationalError: (sqlite3.OperationalError) no such column: lesson_progress.course_id
[SQL: SELECT count(*) AS count_1 
FROM (SELECT lesson_progress.id AS lesson_progress_id, lesson_progress.enrollment_id AS lesson_progress_enrollment_id, lesson_progress.lesson_id AS lesson_progress_lesson_id, lesson_progress.user_id AS lesson_progress_user_id, lesson_progress.course_id AS lesson_progress_course_id, lesson_progress.is_completed AS lesson_progress_is_completed, lesson_progress.score AS lesson_progress_score, lesson_progress.attempts AS lesson_progress_attempts, lesson_progress.started_at AS lesson_progress_started_at, lesson_progress.completed_at AS lesson_progress_completed_at, lesson_progress.last_accessed_at AS lesson_progress_last_accessed_at, lesson_progress.created_at AS lesson_progress_created_at 
FROM lesson_progress 
WHERE lesson_progress.user_id = ? AND lesson_progress.is_completed = 1) AS anon_1]
[parameters: ('f83d359f-177f-4c43-ad14-c3f0cd6d20b4',)]
(Background on this error at: https://sqlalche.me/e/20/e3q8)
--- Logging error ---
Traceback (most recent call last):
  File "C:\Users\AICOE 5\AppData\Local\Programs\Python\Python313\Lib\logging\__init__.py", line 1153, in emit
    stream.write(msg + self.terminator)
    ~~~~~~~~~~~~^^^^^^^^^^^^^^^^^^^^^^^
  File "C:\Users\AICOE 5\AppData\Local\Programs\Python\Python313\Lib\encodings\cp1252.py", line 19, in encode
    return codecs.charmap_encode(input,self.errors,encoding_table)[0]
           ~~~~~~~~~~~~~~~~~~~~~^^^^^^^^^^^^^^^^^^^^^^^^^^^^^^^^^^
UnicodeEncodeError: 'charmap' codec can't encode character '\u20b9' in position 192: character maps to <undefined>
Call stack:
  File "C:\Users\AICOE 5\AppData\Local\Programs\Python\Python313\Lib\threading.py", line 1012, in _bootstrap
    self._bootstrap_inner()
  File "C:\Users\AICOE 5\AppData\Local\Programs\Python\Python313\Lib\threading.py", line 1041, in _bootstrap_inner
    self.run()
  File "C:\Users\AICOE 5\Downloads\Farm_Assist.Application\backend\venv\Lib\site-packages\anyio\_backends\_asyncio.py", line 1033, in run
    result = context.run(func, *args)
  File "C:\Users\AICOE 5\Downloads\Farm_Assist.Application\backend\app\routers\wallet.py", line 463, in add_money
    db.commit()
  File "C:\Users\AICOE 5\Downloads\Farm_Assist.Application\backend\venv\Lib\site-packages\sqlalchemy\orm\session.py", line 2028, in commit
    trans.commit(_to_root=True)
  File "<string>", line 2, in commit
  File "C:\Users\AICOE 5\Downloads\Farm_Assist.Application\backend\venv\Lib\site-packages\sqlalchemy\orm\state_changes.py", line 139, in _go
    ret_value = fn(self, *arg, **kw)
  File "C:\Users\AICOE 5\Downloads\Farm_Assist.Application\backend\venv\Lib\site-packages\sqlalchemy\orm\session.py", line 1313, in commit
    self._prepare_impl()
  File "<string>", line 2, in _prepare_impl
  File "C:\Users\AICOE 5\Downloads\Farm_Assist.Application\backend\venv\Lib\site-packages\sqlalchemy\orm\state_changes.py", line 139, in _go
    ret_value = fn(self, *arg, **kw)
  File "C:\Users\AICOE 5\Downloads\Farm_Assist.Application\backend\venv\Lib\site-packages\sqlalchemy\orm\session.py", line 1288, in _prepare_impl
    self.session.flush()
  File "C:\Users\AICOE 5\Downloads\Farm_Assist.Application\backend\venv\Lib\site-packages\sqlalchemy\orm\session.py", line 4352, in flush
    self._flush(objects)
  File "C:\Users\AICOE 5\Downloads\Farm_Assist.Application\backend\venv\Lib\site-packages\sqlalchemy\orm\session.py", line 4448, in _flush
    flush_context.execute()
  File "C:\Users\AICOE 5\Downloads\Farm_Assist.Application\backend\venv\Lib\site-packages\sqlalchemy\orm\unitofwork.py", line 466, in execute
    rec.execute(self)
  File "C:\Users\AICOE 5\Downloads\Farm_Assist.Application\backend\venv\Lib\site-packages\sqlalchemy\orm\unitofwork.py", line 642, in execute
    util.preloaded.orm_persistence.save_obj(
  File "C:\Users\AICOE 5\Downloads\Farm_Assist.Application\backend\venv\Lib\site-packages\sqlalchemy\orm\persistence.py", line 93, in save_obj
    _emit_insert_statements(
  File "C:\Users\AICOE 5\Downloads\Farm_Assist.Application\backend\venv\Lib\site-packages\sqlalchemy\orm\persistence.py", line 1233, in _emit_insert_statements
    result = connection.execute(
  File "C:\Users\AICOE 5\Downloads\Farm_Assist.Application\backend\venv\Lib\site-packages\sqlalchemy\engine\base.py", line 1418, in execute
    return meth(
  File "C:\Users\AICOE 5\Downloads\Farm_Assist.Application\backend\venv\Lib\site-packages\sqlalchemy\sql\elements.py", line 515, in _execute_on_connection
    return connection._execute_clauseelement(
  File "C:\Users\AICOE 5\Downloads\Farm_Assist.Application\backend\venv\Lib\site-packages\sqlalchemy\engine\base.py", line 1640, in _execute_clauseelement
    ret = self._execute_context(
  File "C:\Users\AICOE 5\Downloads\Farm_Assist.Application\backend\venv\Lib\site-packages\sqlalchemy\engine\base.py", line 1846, in _execute_context
    return self._exec_single_context(
  File "C:\Users\AICOE 5\Downloads\Farm_Assist.Application\backend\venv\Lib\site-packages\sqlalchemy\engine\base.py", line 1904, in _exec_single_context
    self._log_info(
  File "C:\Users\AICOE 5\Downloads\Farm_Assist.Application\backend\venv\Lib\site-packages\sqlalchemy\engine\base.py", line 190, in _log_info
    self.engine.logger.info(message, *arg, **kw)
  File "C:\Users\AICOE 5\Downloads\Farm_Assist.Application\backend\venv\Lib\site-packages\sqlalchemy\log.py", line 159, in info
    self.log(logging.INFO, msg, *args, **kwargs)
  File "C:\Users\AICOE 5\Downloads\Farm_Assist.Application\backend\venv\Lib\site-packages\sqlalchemy\log.py", line 210, in log
    self.logger._log(level, msg, args, **kwargs)
Message: '[%s] %r'
Arguments: ('generated in 0.00369s', ('40b73e6c-490c-4e1f-ab71-d20e7d0b775a', 'FA-NOT-000078', '0fd59004-b5d8-4a44-9cb0-5bc722cbefcf', 'Money Added', '\u20b95,000.00 has been added to your wallet. New balance: \u20b95,000.00. Ref: WREF-20260904153901-026419', 'wallet', 'FA-WTX-000016', 'transaction', 0, 0, 0, 'fa-wallet', 'wallet.html', '2026-09-04 15:39:02.100411', '2026-09-04 15:39:02.100420'))
--- Logging error ---
Traceback (most recent call last):
  File "C:\Users\AICOE 5\AppData\Local\Programs\Python\Python313\Lib\logging\__init__.py", line 1153, in emit
    stream.write(msg + self.terminator)
    ~~~~~~~~~~~~^^^^^^^^^^^^^^^^^^^^^^^
  File "C:\Users\AICOE 5\AppData\Local\Programs\Python\Python313\Lib\encodings\cp1252.py", line 19, in encode
    return codecs.charmap_encode(input,self.errors,encoding_table)[0]
           ~~~~~~~~~~~~~~~~~~~~~^^^^^^^^^^^^^^^^^^^^^^^^^^^^^^^^^^
UnicodeEncodeError: 'charmap' codec can't encode character '\u20b9' in position 195: character maps to <undefined>
Call stack:
  File "C:\Users\AICOE 5\AppData\Local\Programs\Python\Python313\Lib\threading.py", line 1012, in _bootstrap
    self._bootstrap_inner()
  File "C:\Users\AICOE 5\AppData\Local\Programs\Python\Python313\Lib\threading.py", line 1041, in _bootstrap_inner
    self.run()
  File "C:\Users\AICOE 5\Downloads\Farm_Assist.Application\backend\venv\Lib\site-packages\anyio\_backends\_asyncio.py", line 1033, in run
    result = context.run(func, *args)
  File "C:\Users\AICOE 5\Downloads\Farm_Assist.Application\backend\app\routers\wallet.py", line 463, in add_money
    db.commit()
  File "C:\Users\AICOE 5\Downloads\Farm_Assist.Application\backend\venv\Lib\site-packages\sqlalchemy\orm\session.py", line 2028, in commit
    trans.commit(_to_root=True)
  File "<string>", line 2, in commit
  File "C:\Users\AICOE 5\Downloads\Farm_Assist.Application\backend\venv\Lib\site-packages\sqlalchemy\orm\state_changes.py", line 139, in _go
    ret_value = fn(self, *arg, **kw)
  File "C:\Users\AICOE 5\Downloads\Farm_Assist.Application\backend\venv\Lib\site-packages\sqlalchemy\orm\session.py", line 1313, in commit
    self._prepare_impl()
  File "<string>", line 2, in _prepare_impl
  File "C:\Users\AICOE 5\Downloads\Farm_Assist.Application\backend\venv\Lib\site-packages\sqlalchemy\orm\state_changes.py", line 139, in _go
    ret_value = fn(self, *arg, **kw)
  File "C:\Users\AICOE 5\Downloads\Farm_Assist.Application\backend\venv\Lib\site-packages\sqlalchemy\orm\session.py", line 1288, in _prepare_impl
    self.session.flush()
  File "C:\Users\AICOE 5\Downloads\Farm_Assist.Application\backend\venv\Lib\site-packages\sqlalchemy\orm\session.py", line 4352, in flush
    self._flush(objects)
  File "C:\Users\AICOE 5\Downloads\Farm_Assist.Application\backend\venv\Lib\site-packages\sqlalchemy\orm\session.py", line 4448, in _flush
    flush_context.execute()
  File "C:\Users\AICOE 5\Downloads\Farm_Assist.Application\backend\venv\Lib\site-packages\sqlalchemy\orm\unitofwork.py", line 466, in execute
    rec.execute(self)
  File "C:\Users\AICOE 5\Downloads\Farm_Assist.Application\backend\venv\Lib\site-packages\sqlalchemy\orm\unitofwork.py", line 642, in execute
    util.preloaded.orm_persistence.save_obj(
  File "C:\Users\AICOE 5\Downloads\Farm_Assist.Application\backend\venv\Lib\site-packages\sqlalchemy\orm\persistence.py", line 93, in save_obj
    _emit_insert_statements(
  File "C:\Users\AICOE 5\Downloads\Farm_Assist.Application\backend\venv\Lib\site-packages\sqlalchemy\orm\persistence.py", line 1233, in _emit_insert_statements
    result = connection.execute(
  File "C:\Users\AICOE 5\Downloads\Farm_Assist.Application\backend\venv\Lib\site-packages\sqlalchemy\engine\base.py", line 1418, in execute
    return meth(
  File "C:\Users\AICOE 5\Downloads\Farm_Assist.Application\backend\venv\Lib\site-packages\sqlalchemy\sql\elements.py", line 515, in _execute_on_connection
    return connection._execute_clauseelement(
  File "C:\Users\AICOE 5\Downloads\Farm_Assist.Application\backend\venv\Lib\site-packages\sqlalchemy\engine\base.py", line 1640, in _execute_clauseelement
    ret = self._execute_context(
  File "C:\Users\AICOE 5\Downloads\Farm_Assist.Application\backend\venv\Lib\site-packages\sqlalchemy\engine\base.py", line 1846, in _execute_context
    return self._exec_single_context(
  File "C:\Users\AICOE 5\Downloads\Farm_Assist.Application\backend\venv\Lib\site-packages\sqlalchemy\engine\base.py", line 1904, in _exec_single_context
    self._log_info(
  File "C:\Users\AICOE 5\Downloads\Farm_Assist.Application\backend\venv\Lib\site-packages\sqlalchemy\engine\base.py", line 190, in _log_info
    self.engine.logger.info(message, *arg, **kw)
  File "C:\Users\AICOE 5\Downloads\Farm_Assist.Application\backend\venv\Lib\site-packages\sqlalchemy\log.py", line 159, in info
    self.log(logging.INFO, msg, *args, **kwargs)
  File "C:\Users\AICOE 5\Downloads\Farm_Assist.Application\backend\venv\Lib\site-packages\sqlalchemy\log.py", line 210, in log
    self.logger._log(level, msg, args, **kwargs)
Message: '[%s] %r'
Arguments: ('cached since 0.8943s ago', ('a5aeb6ed-fa9a-44ee-b76e-ef6e4cc454a4', 'FA-NOT-000079', '9f4604e7-04c4-490d-8b02-5c2a1d6d2604', 'Money Added', '\u20b9100.00 has been added to your wallet. New balance: \u20b9100.00. Ref: WREF-20260904153902-889273', 'wallet', 'FA-WTX-000017', 'transaction', 0, 0, 0, 'fa-wallet', 'wallet.html', '2026-09-04 15:39:02.991595', '2026-09-04 15:39:02.991601'))
