2026-09-02 21:14:59,995 INFO sqlalchemy.engine.Engine BEGIN (implicit)
2026-09-02 21:15:00,001 INFO sqlalchemy.engine.Engine PRAGMA main.table_info("users")
2026-09-02 21:15:00,005 INFO sqlalchemy.engine.Engine [raw sql] ()
2026-09-02 21:15:00,013 INFO sqlalchemy.engine.Engine PRAGMA main.table_info("farmer_profiles")
2026-09-02 21:15:00,014 INFO sqlalchemy.engine.Engine [raw sql] ()
2026-09-02 21:15:00,017 INFO sqlalchemy.engine.Engine PRAGMA main.table_info("user_addresses")
2026-09-02 21:15:00,018 INFO sqlalchemy.engine.Engine [raw sql] ()
2026-09-02 21:15:00,020 INFO sqlalchemy.engine.Engine PRAGMA main.table_info("otp_verifications")
2026-09-02 21:15:00,027 INFO sqlalchemy.engine.Engine [raw sql] ()
2026-09-02 21:15:00,029 INFO sqlalchemy.engine.Engine PRAGMA main.table_info("login_history")
2026-09-02 21:15:00,031 INFO sqlalchemy.engine.Engine [raw sql] ()
2026-09-02 21:15:00,032 INFO sqlalchemy.engine.Engine PRAGMA main.table_info("user_sessions")
2026-09-02 21:15:00,033 INFO sqlalchemy.engine.Engine [raw sql] ()
2026-09-02 21:15:00,034 INFO sqlalchemy.engine.Engine PRAGMA main.table_info("user_settings")
2026-09-02 21:15:00,035 INFO sqlalchemy.engine.Engine [raw sql] ()
2026-09-02 21:15:00,036 INFO sqlalchemy.engine.Engine PRAGMA main.table_info("farms")
2026-09-02 21:15:00,037 INFO sqlalchemy.engine.Engine [raw sql] ()
2026-09-02 21:15:00,038 INFO sqlalchemy.engine.Engine PRAGMA main.table_info("farm_plots")
2026-09-02 21:15:00,038 INFO sqlalchemy.engine.Engine [raw sql] ()
2026-09-02 21:15:00,043 INFO sqlalchemy.engine.Engine PRAGMA main.table_info("farm_documents")
2026-09-02 21:15:00,043 INFO sqlalchemy.engine.Engine [raw sql] ()
2026-09-02 21:15:00,044 INFO sqlalchemy.engine.Engine PRAGMA main.table_info("crops")
2026-09-02 21:15:00,045 INFO sqlalchemy.engine.Engine [raw sql] ()
2026-09-02 21:15:00,045 INFO sqlalchemy.engine.Engine PRAGMA main.table_info("crop_cycles")
2026-09-02 21:15:00,046 INFO sqlalchemy.engine.Engine [raw sql] ()
2026-09-02 21:15:00,047 INFO sqlalchemy.engine.Engine PRAGMA main.table_info("crop_tasks")
2026-09-02 21:15:00,047 INFO sqlalchemy.engine.Engine [raw sql] ()
2026-09-02 21:15:00,048 INFO sqlalchemy.engine.Engine PRAGMA main.table_info("farm_journal")
2026-09-02 21:15:00,048 INFO sqlalchemy.engine.Engine [raw sql] ()
2026-09-02 21:15:00,049 INFO sqlalchemy.engine.Engine PRAGMA main.table_info("soil_records")
2026-09-02 21:15:00,050 INFO sqlalchemy.engine.Engine [raw sql] ()
2026-09-02 21:15:00,051 INFO sqlalchemy.engine.Engine PRAGMA main.table_info("irrigation_records")
2026-09-02 21:15:00,053 INFO sqlalchemy.engine.Engine [raw sql] ()
2026-09-02 21:15:00,060 INFO sqlalchemy.engine.Engine PRAGMA main.table_info("transactions")
2026-09-02 21:15:00,062 INFO sqlalchemy.engine.Engine [raw sql] ()
2026-09-02 21:15:00,063 INFO sqlalchemy.engine.Engine PRAGMA main.table_info("expenses")
2026-09-02 21:15:00,066 INFO sqlalchemy.engine.Engine [raw sql] ()
2026-09-02 21:15:00,070 INFO sqlalchemy.engine.Engine PRAGMA main.table_info("income_records")
2026-09-02 21:15:00,075 INFO sqlalchemy.engine.Engine [raw sql] ()
2026-09-02 21:15:00,077 INFO sqlalchemy.engine.Engine PRAGMA main.table_info("budgets")
2026-09-02 21:15:00,079 INFO sqlalchemy.engine.Engine [raw sql] ()
2026-09-02 21:15:00,082 INFO sqlalchemy.engine.Engine PRAGMA main.table_info("loans")
2026-09-02 21:15:00,085 INFO sqlalchemy.engine.Engine [raw sql] ()
2026-09-02 21:15:00,094 INFO sqlalchemy.engine.Engine PRAGMA main.table_info("agricultural_services")
2026-09-02 21:15:00,095 INFO sqlalchemy.engine.Engine [raw sql] ()
2026-09-02 21:15:00,096 INFO sqlalchemy.engine.Engine PRAGMA main.table_info("service_requests")
2026-09-02 21:15:00,096 INFO sqlalchemy.engine.Engine [raw sql] ()
2026-09-02 21:15:00,097 INFO sqlalchemy.engine.Engine PRAGMA main.table_info("workers")
2026-09-02 21:15:00,098 INFO sqlalchemy.engine.Engine [raw sql] ()
2026-09-02 21:15:00,100 INFO sqlalchemy.engine.Engine PRAGMA main.table_info("worker_availability")
2026-09-02 21:15:00,103 INFO sqlalchemy.engine.Engine [raw sql] ()
2026-09-02 21:15:00,111 INFO sqlalchemy.engine.Engine PRAGMA main.table_info("worker_bookings")
2026-09-02 21:15:00,113 INFO sqlalchemy.engine.Engine [raw sql] ()
2026-09-02 21:15:00,115 INFO sqlalchemy.engine.Engine PRAGMA main.table_info("worker_payments")
2026-09-02 21:15:00,116 INFO sqlalchemy.engine.Engine [raw sql] ()
2026-09-02 21:15:00,120 INFO sqlalchemy.engine.Engine PRAGMA main.table_info("worker_reviews")
2026-09-02 21:15:00,127 INFO sqlalchemy.engine.Engine [raw sql] ()
2026-09-02 21:15:00,128 INFO sqlalchemy.engine.Engine PRAGMA main.table_info("equipment")
2026-09-02 21:15:00,130 INFO sqlalchemy.engine.Engine [raw sql] ()
2026-09-02 21:15:00,134 INFO sqlalchemy.engine.Engine PRAGMA main.table_info("equipment_bookings")
2026-09-02 21:15:00,137 INFO sqlalchemy.engine.Engine [raw sql] ()
2026-09-02 21:15:00,143 INFO sqlalchemy.engine.Engine PRAGMA main.table_info("product_categories")
2026-09-02 21:15:00,144 INFO sqlalchemy.engine.Engine [raw sql] ()
2026-09-02 21:15:00,146 INFO sqlalchemy.engine.Engine PRAGMA main.table_info("sellers")
2026-09-02 21:15:00,148 INFO sqlalchemy.engine.Engine [raw sql] ()
2026-09-02 21:15:00,150 INFO sqlalchemy.engine.Engine PRAGMA main.table_info("products")
2026-09-02 21:15:00,152 INFO sqlalchemy.engine.Engine [raw sql] ()
2026-09-02 21:15:00,155 INFO sqlalchemy.engine.Engine PRAGMA main.table_info("marketplace_orders")
2026-09-02 21:15:00,158 INFO sqlalchemy.engine.Engine [raw sql] ()
2026-09-02 21:15:00,159 INFO sqlalchemy.engine.Engine PRAGMA main.table_info("order_items")
2026-09-02 21:15:00,161 INFO sqlalchemy.engine.Engine [raw sql] ()
2026-09-02 21:15:00,166 INFO sqlalchemy.engine.Engine PRAGMA main.table_info("payments")
2026-09-02 21:15:00,168 INFO sqlalchemy.engine.Engine [raw sql] ()
2026-09-02 21:15:00,171 INFO sqlalchemy.engine.Engine PRAGMA main.table_info("delivery_tracking")
2026-09-02 21:15:00,172 INFO sqlalchemy.engine.Engine [raw sql] ()
2026-09-02 21:15:00,178 INFO sqlalchemy.engine.Engine PRAGMA main.table_info("government_schemes")
2026-09-02 21:15:00,180 INFO sqlalchemy.engine.Engine [raw sql] ()
2026-09-02 21:15:00,182 INFO sqlalchemy.engine.Engine PRAGMA main.table_info("scheme_applications")
2026-09-02 21:15:00,184 INFO sqlalchemy.engine.Engine [raw sql] ()
2026-09-02 21:15:00,186 INFO sqlalchemy.engine.Engine PRAGMA main.table_info("scheme_documents")
2026-09-02 21:15:00,188 INFO sqlalchemy.engine.Engine [raw sql] ()
2026-09-02 21:15:00,192 INFO sqlalchemy.engine.Engine PRAGMA main.table_info("insurance_policies")
2026-09-02 21:15:00,193 INFO sqlalchemy.engine.Engine [raw sql] ()
2026-09-02 21:15:00,194 INFO sqlalchemy.engine.Engine PRAGMA main.table_info("insurance_claims")
2026-09-02 21:15:00,195 INFO sqlalchemy.engine.Engine [raw sql] ()
2026-09-02 21:15:00,195 INFO sqlalchemy.engine.Engine PRAGMA main.table_info("community_posts")
2026-09-02 21:15:00,199 INFO sqlalchemy.engine.Engine [raw sql] ()
2026-09-02 21:15:00,200 INFO sqlalchemy.engine.Engine PRAGMA main.table_info("community_comments")
2026-09-02 21:15:00,201 INFO sqlalchemy.engine.Engine [raw sql] ()
2026-09-02 21:15:00,203 INFO sqlalchemy.engine.Engine PRAGMA main.table_info("community_likes")
2026-09-02 21:15:00,204 INFO sqlalchemy.engine.Engine [raw sql] ()
2026-09-02 21:15:00,206 INFO sqlalchemy.engine.Engine PRAGMA main.table_info("experts")
2026-09-02 21:15:00,215 INFO sqlalchemy.engine.Engine [raw sql] ()
2026-09-02 21:15:00,218 INFO sqlalchemy.engine.Engine PRAGMA main.table_info("consultations")
2026-09-02 21:15:00,220 INFO sqlalchemy.engine.Engine [raw sql] ()
2026-09-02 21:15:00,221 INFO sqlalchemy.engine.Engine PRAGMA main.table_info("farmbuzz_posts")
2026-09-02 21:15:00,222 INFO sqlalchemy.engine.Engine [raw sql] ()
2026-09-02 21:15:00,227 INFO sqlalchemy.engine.Engine PRAGMA main.table_info("farmbuzz_comments")
2026-09-02 21:15:00,231 INFO sqlalchemy.engine.Engine [raw sql] ()
2026-09-02 21:15:00,234 INFO sqlalchemy.engine.Engine PRAGMA main.table_info("farmbuzz_likes")
2026-09-02 21:15:00,235 INFO sqlalchemy.engine.Engine [raw sql] ()
2026-09-02 21:15:00,237 INFO sqlalchemy.engine.Engine PRAGMA main.table_info("farmbuzz_saves")
2026-09-02 21:15:00,237 INFO sqlalchemy.engine.Engine [raw sql] ()
2026-09-02 21:15:00,248 INFO sqlalchemy.engine.Engine PRAGMA main.table_info("farmbuzz_shares")
2026-09-02 21:15:00,249 INFO sqlalchemy.engine.Engine [raw sql] ()
2026-09-02 21:15:00,251 INFO sqlalchemy.engine.Engine PRAGMA main.table_info("farmbuzz_follows")
2026-09-02 21:15:00,252 INFO sqlalchemy.engine.Engine [raw sql] ()
2026-09-02 21:15:00,255 INFO sqlalchemy.engine.Engine PRAGMA main.table_info("farmbuzz_hashtags")
2026-09-02 21:15:00,255 INFO sqlalchemy.engine.Engine [raw sql] ()
2026-09-02 21:15:00,262 INFO sqlalchemy.engine.Engine PRAGMA main.table_info("farmbuzz_trends")
2026-09-02 21:15:00,265 INFO sqlalchemy.engine.Engine [raw sql] ()
2026-09-02 21:15:00,267 INFO sqlalchemy.engine.Engine PRAGMA main.table_info("notifications")
2026-09-02 21:15:00,268 INFO sqlalchemy.engine.Engine [raw sql] ()
2026-09-02 21:15:00,270 INFO sqlalchemy.engine.Engine PRAGMA main.table_info("ai_conversation_records")
2026-09-02 21:15:00,271 INFO sqlalchemy.engine.Engine [raw sql] ()
2026-09-02 21:15:00,277 INFO sqlalchemy.engine.Engine PRAGMA main.table_info("ai_settings_records")
2026-09-02 21:15:00,284 INFO sqlalchemy.engine.Engine [raw sql] ()
2026-09-02 21:15:00,286 INFO sqlalchemy.engine.Engine PRAGMA main.table_info("weather_cache")
2026-09-02 21:15:00,288 INFO sqlalchemy.engine.Engine [raw sql] ()
2026-09-02 21:15:00,289 INFO sqlalchemy.engine.Engine PRAGMA main.table_info("legacy_ai_conversations")
2026-09-02 21:15:00,300 INFO sqlalchemy.engine.Engine [raw sql] ()
2026-09-02 21:15:00,302 INFO sqlalchemy.engine.Engine PRAGMA main.table_info("ai_recommendations")
2026-09-02 21:15:00,304 INFO sqlalchemy.engine.Engine [raw sql] ()
2026-09-02 21:15:00,306 INFO sqlalchemy.engine.Engine PRAGMA main.table_info("ai_conversations")
2026-09-02 21:15:00,312 INFO sqlalchemy.engine.Engine [raw sql] ()
2026-09-02 21:15:00,318 INFO sqlalchemy.engine.Engine PRAGMA main.table_info("ai_messages")
2026-09-02 21:15:00,319 INFO sqlalchemy.engine.Engine [raw sql] ()
2026-09-02 21:15:00,322 INFO sqlalchemy.engine.Engine PRAGMA main.table_info("ai_attachments")
2026-09-02 21:15:00,327 INFO sqlalchemy.engine.Engine [raw sql] ()
2026-09-02 21:15:00,329 INFO sqlalchemy.engine.Engine PRAGMA main.table_info("ai_memory")
2026-09-02 21:15:00,334 INFO sqlalchemy.engine.Engine [raw sql] ()
2026-09-02 21:15:00,337 INFO sqlalchemy.engine.Engine PRAGMA main.table_info("ai_settings")
2026-09-02 21:15:00,344 INFO sqlalchemy.engine.Engine [raw sql] ()
2026-09-02 21:15:00,348 INFO sqlalchemy.engine.Engine PRAGMA main.table_info("conversations")
2026-09-02 21:15:00,349 INFO sqlalchemy.engine.Engine [raw sql] ()
2026-09-02 21:15:00,350 INFO sqlalchemy.engine.Engine PRAGMA main.table_info("conversation_participants")
2026-09-02 21:15:00,352 INFO sqlalchemy.engine.Engine [raw sql] ()
2026-09-02 21:15:00,366 INFO sqlalchemy.engine.Engine PRAGMA main.table_info("messages")
2026-09-02 21:15:00,379 INFO sqlalchemy.engine.Engine [raw sql] ()
2026-09-02 21:15:00,390 INFO sqlalchemy.engine.Engine PRAGMA main.table_info("message_reactions")
2026-09-02 21:15:00,396 INFO sqlalchemy.engine.Engine [raw sql] ()
2026-09-02 21:15:00,404 INFO sqlalchemy.engine.Engine PRAGMA main.table_info("contacts")
2026-09-02 21:15:00,405 INFO sqlalchemy.engine.Engine [raw sql] ()
2026-09-02 21:15:00,412 INFO sqlalchemy.engine.Engine PRAGMA main.table_info("message_attachments")
2026-09-02 21:15:00,415 INFO sqlalchemy.engine.Engine [raw sql] ()
2026-09-02 21:15:00,423 INFO sqlalchemy.engine.Engine PRAGMA main.table_info("support_tickets")
2026-09-02 21:15:00,435 INFO sqlalchemy.engine.Engine [raw sql] ()
2026-09-02 21:15:00,437 INFO sqlalchemy.engine.Engine PRAGMA main.table_info("farm_emergency_reports")
2026-09-02 21:15:00,438 INFO sqlalchemy.engine.Engine [raw sql] ()
2026-09-02 21:15:00,444 INFO sqlalchemy.engine.Engine PRAGMA main.table_info("feedback")
2026-09-02 21:15:00,447 INFO sqlalchemy.engine.Engine [raw sql] ()
2026-09-02 21:15:00,450 INFO sqlalchemy.engine.Engine PRAGMA main.table_info("wallets")
2026-09-02 21:15:00,452 INFO sqlalchemy.engine.Engine [raw sql] ()
2026-09-02 21:15:00,461 INFO sqlalchemy.engine.Engine PRAGMA main.table_info("wallet_transactions")
2026-09-02 21:15:00,464 INFO sqlalchemy.engine.Engine [raw sql] ()
2026-09-02 21:15:00,470 INFO sqlalchemy.engine.Engine PRAGMA main.table_info("wallet_beneficiaries")
2026-09-02 21:15:00,472 INFO sqlalchemy.engine.Engine [raw sql] ()
2026-09-02 21:15:00,483 INFO sqlalchemy.engine.Engine PRAGMA main.table_info("money_requests")
2026-09-02 21:15:00,484 INFO sqlalchemy.engine.Engine [raw sql] ()
2026-09-02 21:15:00,486 INFO sqlalchemy.engine.Engine PRAGMA main.table_info("bank_accounts")
2026-09-02 21:15:00,489 INFO sqlalchemy.engine.Engine [raw sql] ()
2026-09-02 21:15:00,496 INFO sqlalchemy.engine.Engine PRAGMA main.table_info("user_documents")
2026-09-02 21:15:00,502 INFO sqlalchemy.engine.Engine [raw sql] ()
2026-09-02 21:15:00,505 INFO sqlalchemy.engine.Engine PRAGMA main.table_info("courses")
2026-09-02 21:15:00,506 INFO sqlalchemy.engine.Engine [raw sql] ()
2026-09-02 21:15:00,512 INFO sqlalchemy.engine.Engine PRAGMA main.table_info("course_lessons")
2026-09-02 21:15:00,523 INFO sqlalchemy.engine.Engine [raw sql] ()
2026-09-02 21:15:00,532 INFO sqlalchemy.engine.Engine PRAGMA main.table_info("course_enrollments")
2026-09-02 21:15:00,534 INFO sqlalchemy.engine.Engine [raw sql] ()
2026-09-02 21:15:00,538 INFO sqlalchemy.engine.Engine PRAGMA main.table_info("lesson_progress")
2026-09-02 21:15:00,544 INFO sqlalchemy.engine.Engine [raw sql] ()
2026-09-02 21:15:00,549 INFO sqlalchemy.engine.Engine PRAGMA main.table_info("techniques")
2026-09-02 21:15:00,555 INFO sqlalchemy.engine.Engine [raw sql] ()
2026-09-02 21:15:00,566 INFO sqlalchemy.engine.Engine PRAGMA main.table_info("technique_bookmarks")
2026-09-02 21:15:00,569 INFO sqlalchemy.engine.Engine [raw sql] ()
2026-09-02 21:15:00,579 INFO sqlalchemy.engine.Engine PRAGMA main.table_info("news_articles")
2026-09-02 21:15:00,596 INFO sqlalchemy.engine.Engine [raw sql] ()
2026-09-02 21:15:00,604 INFO sqlalchemy.engine.Engine PRAGMA main.table_info("saved_news")
2026-09-02 21:15:00,606 INFO sqlalchemy.engine.Engine [raw sql] ()
2026-09-02 21:15:00,607 INFO sqlalchemy.engine.Engine PRAGMA main.table_info("sensors")
2026-09-02 21:15:00,613 INFO sqlalchemy.engine.Engine [raw sql] ()
2026-09-02 21:15:00,614 INFO sqlalchemy.engine.Engine PRAGMA main.table_info("sensor_readings")
2026-09-02 21:15:00,620 INFO sqlalchemy.engine.Engine [raw sql] ()
2026-09-02 21:15:00,622 INFO sqlalchemy.engine.Engine COMMIT
Farm Assist v1.0.0 started. DB tables created.
2026-09-02 21:15:01,674 INFO sqlalchemy.engine.Engine BEGIN (implicit)
2026-09-02 21:15:01,694 INFO sqlalchemy.engine.Engine SELECT users.id AS users_id, users.farmer_id AS users_farmer_id, users.full_name AS users_full_name, users.phone_number AS users_phone_number, users.email AS users_email, users.password_hash AS users_password_hash, users.profile_image AS users_profile_image, users.preferred_language AS users_preferred_language, users.role AS users_role, users.is_verified AS users_is_verified, users.is_active AS users_is_active, users.created_at AS users_created_at, users.updated_at AS users_updated_at 
FROM users 
WHERE users.id = ?
 LIMIT ? OFFSET ?
2026-09-02 21:15:01,694 INFO sqlalchemy.engine.Engine [generated in 0.00072s] ('f83d359f-177f-4c43-ad14-c3f0cd6d20b4', 1, 0)
2026-09-02 21:15:01,723 INFO sqlalchemy.engine.Engine SELECT user_settings.id AS user_settings_id, user_settings.user_id AS user_settings_user_id, user_settings.notif_weather AS user_settings_notif_weather, user_settings.notif_tasks AS user_settings_notif_tasks, user_settings.notif_market AS user_settings_notif_market, user_settings.notif_messages AS user_settings_notif_messages, user_settings.notif_govt AS user_settings_notif_govt, user_settings.notif_emergency AS user_settings_notif_emergency, user_settings.privacy_location AS user_settings_privacy_location, user_settings.privacy_profile AS user_settings_privacy_profile, user_settings.perm_analytics AS user_settings_perm_analytics, user_settings.perm_crop_data AS user_settings_perm_crop_data, user_settings.perm_market AS user_settings_perm_market, user_settings.units AS user_settings_units, user_settings.voice_enabled AS user_settings_voice_enabled, user_settings.weekly_summary AS user_settings_weekly_summary, user_settings.ai_recommendations AS user_settings_ai_recommendations, user_settings.ai_voice_replies AS user_settings_ai_voice_replies, user_settings.ai_detail AS user_settings_ai_detail, user_settings.ai_training AS user_settings_ai_training, user_settings.farm_default_crop AS user_settings_farm_default_crop, user_settings.farm_land_size AS user_settings_farm_land_size, user_settings.farm_soil_type AS user_settings_farm_soil_type, user_settings.farm_irrigation AS user_settings_farm_irrigation, user_settings.created_at AS user_settings_created_at, user_settings.updated_at AS user_settings_updated_at 
FROM user_settings 
WHERE user_settings.user_id = ?
 LIMIT ? OFFSET ?
2026-09-02 21:15:01,724 INFO sqlalchemy.engine.Engine [generated in 0.00128s] ('f83d359f-177f-4c43-ad14-c3f0cd6d20b4', 1, 0)
2026-09-02 21:15:01,742 INFO sqlalchemy.engine.Engine SELECT count(*) AS count_1 
FROM (SELECT notifications.id AS notifications_id, notifications.notification_id AS notifications_notification_id, notifications.user_id AS notifications_user_id, notifications.title AS notifications_title, notifications.message AS notifications_message, notifications.notification_type AS notifications_notification_type, notifications.reference_id AS notifications_reference_id, notifications.reference_type AS notifications_reference_type, notifications.is_read AS notifications_is_read, notifications.is_archived AS notifications_is_archived, notifications.is_deleted AS notifications_is_deleted, notifications.icon AS notifications_icon, notifications.action_url AS notifications_action_url, notifications.created_at AS notifications_created_at, notifications.updated_at AS notifications_updated_at 
FROM notifications 
WHERE notifications.user_id = ? AND notifications.is_read = 0 AND notifications.is_deleted = 0 AND notifications.is_archived = 0) AS anon_1
2026-09-02 21:15:01,742 INFO sqlalchemy.engine.Engine [generated in 0.00071s] ('f83d359f-177f-4c43-ad14-c3f0cd6d20b4',)
2026-09-02 21:15:01,748 INFO sqlalchemy.engine.Engine ROLLBACK
INFO:     127.0.0.1:54306 - "GET /api/v1/notifications/unread HTTP/1.1" 200 OK
